Archive member included because of file (symbol)

/usr/lib/gcc/avr/4.5.3/avr25/libgcc.a(_exit.o)
                              /usr/lib/gcc/avr/4.5.3/../../../avr/lib/avr25/crttn4313.o (exit)
/usr/lib/gcc/avr/4.5.3/avr25/libgcc.a(_copy_data.o)
                              Hacklace.o (__do_copy_data)
/usr/lib/gcc/avr/4.5.3/avr25/libgcc.a(_clear_bss.o)
                              dot_matrix.o (__do_clear_bss)
/usr/lib/gcc/avr/4.5.3/../../../avr/lib/avr25/libc.a(eerd_byte_attiny4313.o)
                              Hacklace.o (__eerd_byte_tn4313)
/usr/lib/gcc/avr/4.5.3/../../../avr/lib/avr25/libc.a(eewr_byte_attiny4313.o)
                              Hacklace.o (__eewr_byte_tn4313)

Allocating common symbols
Common symbol       size              file

msg_ptr             0x2               Hacklace.o
display             0xce              dot_matrix.o

Memory Configuration

Name             Origin             Length             Attributes
text             0x00000000         0x00002000         xr
data             0x00800060         0x0000ffa0         rw !x
eeprom           0x00810000         0x00010000         rw !x
fuse             0x00820000         0x00000400         rw !x
lock             0x00830000         0x00000400         rw !x
signature        0x00840000         0x00000400         rw !x
*default*        0x00000000         0xffffffff

Linker script and memory map

LOAD /usr/lib/gcc/avr/4.5.3/../../../avr/lib/avr25/crttn4313.o
LOAD dot_matrix.o
LOAD Hacklace.o
LOAD /usr/lib/gcc/avr/4.5.3/avr25/libgcc.a
LOAD /usr/lib/gcc/avr/4.5.3/../../../avr/lib/avr25/libc.a
LOAD /usr/lib/gcc/avr/4.5.3/avr25/libgcc.a

.hash
 *(.hash)

.dynsym
 *(.dynsym)

.dynstr
 *(.dynstr)

.gnu.version
 *(.gnu.version)

.gnu.version_d
 *(.gnu.version_d)

.gnu.version_r
 *(.gnu.version_r)

.rel.init
 *(.rel.init)

.rela.init
 *(.rela.init)

.rel.text
 *(.rel.text)
 *(.rel.text.*)
 *(.rel.gnu.linkonce.t*)

.rela.text
 *(.rela.text)
 *(.rela.text.*)
 *(.rela.gnu.linkonce.t*)

.rel.fini
 *(.rel.fini)

.rela.fini
 *(.rela.fini)

.rel.rodata
 *(.rel.rodata)
 *(.rel.rodata.*)
 *(.rel.gnu.linkonce.r*)

.rela.rodata
 *(.rela.rodata)
 *(.rela.rodata.*)
 *(.rela.gnu.linkonce.r*)

.rel.data
 *(.rel.data)
 *(.rel.data.*)
 *(.rel.gnu.linkonce.d*)

.rela.data
 *(.rela.data)
 *(.rela.data.*)
 *(.rela.gnu.linkonce.d*)

.rel.ctors
 *(.rel.ctors)

.rela.ctors
 *(.rela.ctors)

.rel.dtors
 *(.rel.dtors)

.rela.dtors
 *(.rela.dtors)

.rel.got
 *(.rel.got)

.rela.got
 *(.rela.got)

.rel.bss
 *(.rel.bss)

.rela.bss
 *(.rela.bss)

.rel.plt
 *(.rel.plt)

.rela.plt
 *(.rela.plt)

.text           0x00000000      0xfd8
 *(.vectors)
 .vectors       0x00000000       0x2a /usr/lib/gcc/avr/4.5.3/../../../avr/lib/avr25/crttn4313.o
                0x00000000                __vectors
                0x00000000                __vector_default
 *(.vectors)
 *(.progmem.gcc*)
 .progmem.gcc_sw_table
                0x0000002a       0x10 Hacklace.o
 *(.progmem*)
 .progmem.data  0x0000003a      0x2e8 dot_matrix.o
                0x0000003a                font
                0x0000030a                col_port
                0x0000030f                col_bit
                0x00000314                row_port
                0x0000031b                row_bit
 .progmem.data  0x00000322      0x53b Hacklace.o
                0x00000322                dly_conv
                0x0000032a                spd_conv
                0x00000332                arrow
                0x00000383                fire
                0x000003e8                bounce
                0x00000411                mountainrange
                0x00000423                snow
                0x0000047e                tunnel
                0x0000048e                wink
                0x000004b2                ecg
                0x000004c7                checkers
                0x000004d2                tetris
                0x0000057d                glider
                0x000005dd                hop
                0x000005f7                pong
                0x0000065c                house
                0x00000685                rocket
                0x000006d6                train
                0x00000713                explode
                0x00000778                droplet
                0x000007ab                psycho
                0x000007ca                tv_off
                0x000007e9                clock
                0x00000812                lady
                0x00000831                animation
                0x0000085e                . = ALIGN (0x2)
 *fill*         0x0000085d        0x1 00
                0x0000085e                __trampolines_start = .
 *(.trampolines)
 .trampolines   0x0000085e        0x0 linker stubs
 *(.trampolines*)
                0x0000085e                __trampolines_end = .
 *(.jumptables)
 *(.jumptables*)
 *(.lowtext)
 *(.lowtext*)
                0x0000085e                __ctors_start = .
 *(.ctors)
                0x0000085e                __ctors_end = .
                0x0000085e                __dtors_start = .
 *(.dtors)
                0x0000085e                __dtors_end = .
 SORT(*)(.ctors)
 SORT(*)(.dtors)
 *(.init0)
 .init0         0x0000085e        0x0 /usr/lib/gcc/avr/4.5.3/../../../avr/lib/avr25/crttn4313.o
                0x0000085e                __init
 *(.init0)
 *(.init1)
 *(.init1)
 *(.init2)
 .init2         0x0000085e        0xc /usr/lib/gcc/avr/4.5.3/../../../avr/lib/avr25/crttn4313.o
 *(.init2)
 *(.init3)
 *(.init3)
 *(.init4)
 .init4         0x0000086a       0x16 /usr/lib/gcc/avr/4.5.3/avr25/libgcc.a(_copy_data.o)
                0x0000086a                __do_copy_data
 .init4         0x00000880       0x10 /usr/lib/gcc/avr/4.5.3/avr25/libgcc.a(_clear_bss.o)
                0x00000880                __do_clear_bss
 *(.init4)
 *(.init5)
 *(.init5)
 *(.init6)
 *(.init6)
 *(.init7)
 *(.init7)
 *(.init8)
 *(.init8)
 *(.init9)
 .init9         0x00000890        0x4 /usr/lib/gcc/avr/4.5.3/../../../avr/lib/avr25/crttn4313.o
 *(.init9)
 *(.text)
 .text          0x00000894        0x2 /usr/lib/gcc/avr/4.5.3/../../../avr/lib/avr25/crttn4313.o
                0x00000894                __vector_1
                0x00000894                __vector_12
                0x00000894                __bad_interrupt
                0x00000894                __vector_6
                0x00000894                __vector_3
                0x00000894                __vector_11
                0x00000894                __vector_17
                0x00000894                __vector_19
                0x00000894                __vector_5
                0x00000894                __vector_4
                0x00000894                __vector_9
                0x00000894                __vector_2
                0x00000894                __vector_15
                0x00000894                __vector_8
                0x00000894                __vector_10
                0x00000894                __vector_16
                0x00000894                __vector_18
 .text          0x00000896      0x26a dot_matrix.o
                0x00000896                dmSetOutputs
                0x0000093e                dmDisplay
                0x0000096a                dmScroll
                0x000009e8                dmSetScrolling
                0x00000a08                dmClearDisplay
                0x00000a26                dmInit
                0x00000a32                dmDisplayImage
                0x00000a58                dmPrintByte
                0x00000a72                dmPrintChar
 .text          0x00000b00      0x4a8 Hacklace.o
                0x00000b00                InitHardware
                0x00000b42                SetMode
                0x00000b7e                DisplayMessage
                0x00000c68                GoToSleep
                0x00000cc2                main
                0x00000d1a                __vector_13
                0x00000d66                __vector_14
                0x00000e10                __vector_20
                0x00000e24                __vector_7
 .text          0x00000fa8        0x0 /usr/lib/gcc/avr/4.5.3/avr25/libgcc.a(_exit.o)
 .text          0x00000fa8        0x0 /usr/lib/gcc/avr/4.5.3/avr25/libgcc.a(_copy_data.o)
 .text          0x00000fa8        0x0 /usr/lib/gcc/avr/4.5.3/avr25/libgcc.a(_clear_bss.o)
 .text          0x00000fa8        0x0 /usr/lib/gcc/avr/4.5.3/../../../avr/lib/avr25/libc.a(eerd_byte_attiny4313.o)
 .text          0x00000fa8        0x0 /usr/lib/gcc/avr/4.5.3/../../../avr/lib/avr25/libc.a(eewr_byte_attiny4313.o)
                0x00000fa8                . = ALIGN (0x2)
 *(.text.*)
 .text.libgcc   0x00000fa8        0x0 /usr/lib/gcc/avr/4.5.3/avr25/libgcc.a(_exit.o)
 .text.libgcc   0x00000fa8        0x0 /usr/lib/gcc/avr/4.5.3/avr25/libgcc.a(_copy_data.o)
 .text.libgcc   0x00000fa8        0x0 /usr/lib/gcc/avr/4.5.3/avr25/libgcc.a(_clear_bss.o)
 .text.avr-libc
                0x00000fa8       0x10 /usr/lib/gcc/avr/4.5.3/../../../avr/lib/avr25/libc.a(eerd_byte_attiny4313.o)
                0x00000fa8                __eerd_byte_tn4313
 .text.avr-libc
                0x00000fb8       0x1c /usr/lib/gcc/avr/4.5.3/../../../avr/lib/avr25/libc.a(eewr_byte_attiny4313.o)
                0x00000fb8                __eewr_byte_tn4313
                0x00000fba                __eewr_r18_tn4313
                0x00000fd4                . = ALIGN (0x2)
 *(.fini9)
 .fini9         0x00000fd4        0x0 /usr/lib/gcc/avr/4.5.3/avr25/libgcc.a(_exit.o)
                0x00000fd4                exit
                0x00000fd4                _exit
 *(.fini9)
 *(.fini8)
 *(.fini8)
 *(.fini7)
 *(.fini7)
 *(.fini6)
 *(.fini6)
 *(.fini5)
 *(.fini5)
 *(.fini4)
 *(.fini4)
 *(.fini3)
 *(.fini3)
 *(.fini2)
 *(.fini2)
 *(.fini1)
 *(.fini1)
 *(.fini0)
 .fini0         0x00000fd4        0x4 /usr/lib/gcc/avr/4.5.3/avr25/libgcc.a(_exit.o)
 *(.fini0)
                0x00000fd8                _etext = .

.data           0x00800060        0x6 load address 0x00000fd8
                0x00800060                PROVIDE (__data_start, .)
 *(.data)
 .data          0x00800060        0x0 /usr/lib/gcc/avr/4.5.3/../../../avr/lib/avr25/crttn4313.o
 .data          0x00800060        0x0 dot_matrix.o
 .data          0x00800060        0x5 Hacklace.o
                0x00800060                scroll_speed
                0x00800061                button
                0x00800062                ee_write_ptr
 .data          0x00800065        0x0 /usr/lib/gcc/avr/4.5.3/avr25/libgcc.a(_exit.o)
 .data          0x00800065        0x0 /usr/lib/gcc/avr/4.5.3/avr25/libgcc.a(_copy_data.o)
 .data          0x00800065        0x0 /usr/lib/gcc/avr/4.5.3/avr25/libgcc.a(_clear_bss.o)
 .data          0x00800065        0x0 /usr/lib/gcc/avr/4.5.3/../../../avr/lib/avr25/libc.a(eerd_byte_attiny4313.o)
 .data          0x00800065        0x0 /usr/lib/gcc/avr/4.5.3/../../../avr/lib/avr25/libc.a(eewr_byte_attiny4313.o)
 *(.data*)
 *(.rodata)
 *(.rodata*)
 *(.gnu.linkonce.d*)
                0x00800066                . = ALIGN (0x2)
 *fill*         0x00800065        0x1 00
                0x00800066                _edata = .
                0x00800066                PROVIDE (__data_end, .)

.bss            0x00800066       0xd3
                0x00800066                PROVIDE (__bss_start, .)
 *(.bss)
 .bss           0x00800066        0x0 /usr/lib/gcc/avr/4.5.3/../../../avr/lib/avr25/crttn4313.o
 .bss           0x00800066        0x0 dot_matrix.o
 .bss           0x00800066        0x3 Hacklace.o
 .bss           0x00800069        0x0 /usr/lib/gcc/avr/4.5.3/avr25/libgcc.a(_exit.o)
 .bss           0x00800069        0x0 /usr/lib/gcc/avr/4.5.3/avr25/libgcc.a(_copy_data.o)
 .bss           0x00800069        0x0 /usr/lib/gcc/avr/4.5.3/avr25/libgcc.a(_clear_bss.o)
 .bss           0x00800069        0x0 /usr/lib/gcc/avr/4.5.3/../../../avr/lib/avr25/libc.a(eerd_byte_attiny4313.o)
 .bss           0x00800069        0x0 /usr/lib/gcc/avr/4.5.3/../../../avr/lib/avr25/libc.a(eewr_byte_attiny4313.o)
 *(.bss*)
 *(COMMON)
 COMMON         0x00800069       0xce dot_matrix.o
                0x00800069                display
 COMMON         0x00800137        0x2 Hacklace.o
                0x00800137                msg_ptr
                0x00800139                PROVIDE (__bss_end, .)
                0x00000fd8                __data_load_start = LOADADDR (.data)
                0x00000fde                __data_load_end = (__data_load_start + SIZEOF (.data))

.noinit         0x00800139        0x0
                0x00800139                PROVIDE (__noinit_start, .)
 *(.noinit*)
                0x00800139                PROVIDE (__noinit_end, .)
                0x00800139                _end = .
                0x00800139                PROVIDE (__heap_start, .)

.eeprom         0x00810000      0x100
 *(.eeprom*)
 .eeprom        0x00810000      0x100 Hacklace.o
                0x00810000                messages
                0x00810100                __eeprom_end = .

.fuse           0x00820000        0x3
 *(.fuse)
 .fuse          0x00820000        0x3 Hacklace.o
                0x00820000                __fuse
 *(.lfuse)
 *(.hfuse)
 *(.efuse)

.lock
 *(.lock*)

.signature
 *(.signature*)

.stab           0x00000000     0x2100
 *(.stab)
 .stab          0x00000000      0x6cc /usr/lib/gcc/avr/4.5.3/../../../avr/lib/avr25/crttn4313.o
 .stab          0x000006cc      0xbe8 dot_matrix.o
                                0xbf4 (size before relaxing)
 .stab          0x000012b4      0xcd8 Hacklace.o
                                0xf6c (size before relaxing)
 .stab          0x00001f8c       0x90 /usr/lib/gcc/avr/4.5.3/../../../avr/lib/avr25/libc.a(eerd_byte_attiny4313.o)
                                 0x9c (size before relaxing)
 .stab          0x0000201c       0xe4 /usr/lib/gcc/avr/4.5.3/../../../avr/lib/avr25/libc.a(eewr_byte_attiny4313.o)
                                 0xf0 (size before relaxing)

.stabstr        0x00000000     0x1212
 *(.stabstr)
 .stabstr       0x00000000     0x1212 /usr/lib/gcc/avr/4.5.3/../../../avr/lib/avr25/crttn4313.o

.stab.excl
 *(.stab.excl)

.stab.exclstr
 *(.stab.exclstr)

.stab.index
 *(.stab.index)

.stab.indexstr
 *(.stab.indexstr)

.comment
 *(.comment)

.debug
 *(.debug)

.line
 *(.line)

.debug_srcinfo
 *(.debug_srcinfo)

.debug_sfnames
 *(.debug_sfnames)

.debug_aranges
 *(.debug_aranges)

.debug_pubnames
 *(.debug_pubnames)

.debug_info
 *(.debug_info)
 *(.gnu.linkonce.wi.*)

.debug_abbrev
 *(.debug_abbrev)

.debug_line
 *(.debug_line)

.debug_frame
 *(.debug_frame)

.debug_str
 *(.debug_str)

.debug_loc
 *(.debug_loc)

.debug_macinfo
 *(.debug_macinfo)
OUTPUT(hacklace.elf elf32-avr)
LOAD linker stubs
