
hacklace.elf:     file format elf32-avr

Sections:
Idx Name          Size      VMA       LMA       File off  Algn
  0 .text         00000fd8  00000000  00000000  000000d4  2**1
                  CONTENTS, ALLOC, LOAD, READONLY, CODE
  1 .data         00000006  00800060  00000fd8  000010ac  2**0
                  CONTENTS, ALLOC, LOAD, DATA
  2 .bss          000000d3  00800066  00800066  000010b2  2**0
                  ALLOC
  3 .eeprom       00000100  00810000  00810000  000010b2  2**0
                  CONTENTS, ALLOC, LOAD, READONLY, DATA
  4 .fuse         00000003  00820000  00820000  000011b2  2**0
                  CONTENTS, ALLOC, LOAD, DATA
  5 .stab         00002100  00000000  00000000  000011b8  2**2
                  CONTENTS, READONLY, DEBUGGING
  6 .stabstr      00001212  00000000  00000000  000032b8  2**0
                  CONTENTS, READONLY, DEBUGGING

Disassembly of section .text:

00000000 <__vectors>:
   0:	2e c4       	rjmp	.+2140   	; 0x85e <__ctors_end>
   2:	48 c4       	rjmp	.+2192   	; 0x894 <__bad_interrupt>
   4:	47 c4       	rjmp	.+2190   	; 0x894 <__bad_interrupt>
   6:	46 c4       	rjmp	.+2188   	; 0x894 <__bad_interrupt>
   8:	45 c4       	rjmp	.+2186   	; 0x894 <__bad_interrupt>
   a:	44 c4       	rjmp	.+2184   	; 0x894 <__bad_interrupt>
   c:	43 c4       	rjmp	.+2182   	; 0x894 <__bad_interrupt>
   e:	0a c7       	rjmp	.+3604   	; 0xe24 <__vector_7>
  10:	41 c4       	rjmp	.+2178   	; 0x894 <__bad_interrupt>
  12:	40 c4       	rjmp	.+2176   	; 0x894 <__bad_interrupt>
  14:	3f c4       	rjmp	.+2174   	; 0x894 <__bad_interrupt>
  16:	3e c4       	rjmp	.+2172   	; 0x894 <__bad_interrupt>
  18:	3d c4       	rjmp	.+2170   	; 0x894 <__bad_interrupt>
  1a:	7f c6       	rjmp	.+3326   	; 0xd1a <__vector_13>
  1c:	a4 c6       	rjmp	.+3400   	; 0xd66 <__vector_14>
  1e:	3a c4       	rjmp	.+2164   	; 0x894 <__bad_interrupt>
  20:	39 c4       	rjmp	.+2162   	; 0x894 <__bad_interrupt>
  22:	38 c4       	rjmp	.+2160   	; 0x894 <__bad_interrupt>
  24:	37 c4       	rjmp	.+2158   	; 0x894 <__bad_interrupt>
  26:	36 c4       	rjmp	.+2156   	; 0x894 <__bad_interrupt>
  28:	f3 c6       	rjmp	.+3558   	; 0xe10 <__vector_20>
  2a:	27 c7       	rjmp	.+3662   	; 0xe7a <__vector_7+0x56>
  2c:	2a c7       	rjmp	.+3668   	; 0xe82 <__vector_7+0x5e>
  2e:	30 c7       	rjmp	.+3680   	; 0xe90 <__vector_7+0x6c>
  30:	3f c7       	rjmp	.+3710   	; 0xeb0 <__vector_7+0x8c>
  32:	43 c7       	rjmp	.+3718   	; 0xeba <__vector_7+0x96>
  34:	4d c7       	rjmp	.+3738   	; 0xed0 <__vector_7+0xac>
  36:	78 c7       	rjmp	.+3824   	; 0xf28 <__vector_7+0x104>
  38:	86 c7       	rjmp	.+3852   	; 0xf46 <__vector_7+0x122>

0000003a <font>:
  3a:	00 00 00 80 80 5f 80 80 80 80 03 00 03 80 80 14     ....._..........
  4a:	7f 14 7f 14 24 2a 7f 2a 12 23 13 08 64 62 36 49     ....$*.*.#..db6I
  5a:	56 20 50 05 03 80 80 80 1c 22 41 80 80 41 22 1c     V P......"A..A".
  6a:	80 80 22 14 6b 14 22 08 08 3e 08 08 50 30 80 80     ..".k."..>..P0..
  7a:	80 08 08 08 08 80 60 60 80 80 80 60 10 08 04 03     ......``...`....
  8a:	3e 41 41 3e 80 42 7f 40 80 80 62 51 49 46 80 22     >AA>.B.@..bQIF."
  9a:	41 49 36 80 18 14 12 7f 80 27 45 45 39 80 3c 4a     AI6......'EE9.<J
  aa:	49 31 80 01 71 0d 03 80 36 49 49 36 80 06 49 29     I1..q...6II6..I)
  ba:	1e 80 36 36 80 80 80 56 36 80 80 80 08 14 22 41     ..66...V6....."A
  ca:	80 14 14 14 14 80 41 22 14 08 80 02 51 09 06 80     ......A"....Q...
  da:	32 49 79 41 3e 7e 09 09 7e 80 7f 49 49 36 80 3e     2IyA>~..~..II6.>
  ea:	41 41 22 80 7f 41 41 3e 80 7f 49 49 41 80 7f 09     AA"..AA>..IIA...
  fa:	09 01 80 3e 49 49 3a 80 7f 08 08 7f 80 41 7f 41     ...>II:......A.A
 10a:	80 80 20 40 40 3f 80 7f 08 14 63 80 7f 40 40 40     .. @@?....c..@@@
 11a:	80 7f 02 0c 02 7f 7f 06 18 7f 80 3e 41 41 3e 80     ...........>AA>.
 12a:	7f 09 09 06 80 3e 41 21 5e 80 7f 09 19 66 80 26     .....>A!^....f.&
 13a:	49 49 32 80 01 01 7f 01 01 3f 40 40 3f 80 07 18     II2......?@@?...
 14a:	60 18 07 3f 40 38 40 3f 63 14 08 14 63 03 04 78     `..?@8@?c...c..x
 15a:	04 03 61 59 45 43 80 7f 41 41 80 80 03 04 08 10     ..aYEC..AA......
 16a:	60 41 41 7f 80 80 02 01 02 80 80 40 40 40 40 80     `AA........@@@@.
 17a:	03 04 80 80 80 20 54 54 78 80 7f 48 48 30 80 38     ..... TTx..HH0.8
 18a:	44 44 28 80 38 44 44 7f 80 38 54 54 48 80 04 7e     DD(.8DD..8TTH..~
 19a:	05 01 80 48 54 54 38 80 7f 08 08 70 80 7a 80 80     ...HTT8....p.z..
 1aa:	80 80 20 40 3a 80 80 7f 08 14 62 80 41 7f 40 80     .. @:.....b.A.@.
 1ba:	80 7c 04 78 04 78 7c 04 04 78 80 38 44 44 38 80     .|.x.x|..x.8DD8.
 1ca:	7c 24 24 18 80 18 24 24 7c 80 78 04 04 80 80 48     |$$...$$|.x....H
 1da:	54 54 24 80 04 3f 44 44 80 3c 40 40 7c 80 0c 30     TT$..?DD.<@@|..0
 1ea:	40 30 8c 3c 40 30 40 3c 44 28 10 28 44 4c 50 50     @0.<@0@<D(.(DLPP
 1fa:	3c 80 64 54 4c 44 80 08 36 41 80 80 7f 80 80 80     <.dTLD..6A......
 20a:	80 41 36 08 80 80 08 04 08 10 08 80 80 80 80 80     .A6.............
 21a:	1c 2a 49 49 22 1f 04 7f 40 40 20 12 10 12 20 10     .*II"...@@ ... .
 22a:	22 20 22 10 21 54 54 79 80 79 14 14 79 80 39 44     " ".!TTy.y..y.9D
 23a:	44 39 80 39 44 44 39 80 3d 40 40 7d 80 3d 40 40     D9.9DD9.=@@}.=@@
 24a:	3d 80 7e 25 25 1a 80 6c 1a 6f 1a 6c 7d 5a 1e 5a     =.~%%..l.o.l}Z.Z
 25a:	7d 4e 7b 0f 7b 4e 7c 3a 7e 3a 7c 1c 76 2e 76 1c     }N{.{N|:~:|.v.v.
 26a:	1e 34 7c 34 1e 0c 12 24 12 0c 08 1c 3e 7f 80 7f     .4|4...$....>...
 27a:	3e 1c 08 80 30 3f 01 62 7e 30 3f 02 80 80 1e 3d     >...0?.b~0?....=
 28a:	77 73 31 60 7e 7b 7e 60 20 5f 23 80 80 7e 7a 7a     ws1`~{~` _#..~zz
 29a:	7f 80 03 45 79 45 03 10 28 24 28 10 08 14 2a 14     ...EyE..($(...*.
 2aa:	08 00 00 00 00 00 36 36 08 36 36 1e 14 3c 28 78     ......66.66..<(x
 2ba:	44 24 1d 24 44 42 24 1d 62 01 08 65 1c 22 41 46     D$.$DB$.b..e."AF
 2ca:	24 1d 24 4c 08 44 3d 44 08 4c 24 1d 24 46 01 62     $.$L.D=D.L$.$F.b
 2da:	1d 62 01 42 24 1d 24 42 7c 46 57 46 7c 7f 2a 2a     .b.B$.$B|FWF|.**
 2ea:	7f 80 2a 7f 41 7f 2a 0a 00 55 00 0a 30 48 4d 33     ..*.A.*..U..0HM3
 2fa:	07 06 29 79 29 06 08 1c 2a 08 08 08 08 2a 1c 08     ..)y)...*....*..

0000030a <col_port>:
 30a:	02 02 01 01 01                                      .....

0000030f <col_bit>:
 30f:	10 04 08 40 20                                      ...@ 

00000314 <row_port>:
 314:	01 01 02 01 00 00 02                                .......

0000031b <row_bit>:
 31b:	02 04 08 10 01 02 02                                .......

00000322 <dly_conv>:
 322:	00 01 02 03 05 08 0d 15                             ........

0000032a <spd_conv>:
 32a:	32 1e 12 0b 07 05 03 02                             2.......

00000332 <arrow>:
 332:	14 2a 49 49 3e 00 1c 2a 49 3e 00 3e 49 3e 08 7f     .*II>..*I>.>I>..
 342:	2a 1c 08 08 22 1c 08 08 08 1c 00 08 08 08 00 08     *..."...........
 352:	08 08 08 08 08 08 08 00 08 08 08 00 00 08 08 00     ................
 362:	00 00 08 00 00 00 00 00 00 00 00 0c 00 00 00 0c     ................
 372:	12 00 00 0c 12 24 00 0c 12 24 12 0c 12 24 12 0c     .....$...$...$..
 382:	ff                                                  .

00000383 <fire>:
 383:	78 5c 68 78 71 7c 38 74 7c 7a 78 50 62 62 78 7c     x\hxq|8t|zxPbbx|
 393:	60 61 70 68 7a 60 30 78 74 70 79 70 52 69 60 7c     `aphz`0xtpypRi`|
 3a3:	68 70 61 50 66 70 78 20 68 71 60 72 50 74 79 70     hpaPfpx hq`rPtyp
 3b3:	62 68 72 70 30 61 74 61 78 50 70 7a 74 31 40 68     bhrp0ataxPpzt1@h
 3c3:	44 10 68 70 34 60 28 4a 60 58 60 60 70 38 66 18     D.hp4`(J`X``p8f.
 3d3:	60 70 78 42 19 58 64 70 29 70 70 3a 78 54 70 70     `pxB.Xdp)pp:xTpp
 3e3:	51 78 6a 70 ff                                      Qxjp.

000003e8 <bounce>:
 3e8:	01 00 00 00 00 02 02 01 00 00 06 09 09 06 00 00     ................
 3f8:	30 48 48 30 00 20 50 50 20 00 30 48 48 30 00 00     0HH0. PP .0HH0..
 408:	06 09 09 00 00 00 01 02 ff                          .........

00000411 <mountainrange>:
 411:	08 44 28 10 08 04 02 04 08 50 30 10 08 04 04 02     .D(......P0.....
 421:	01 ff                                               ..

00000423 <snow>:
 423:	01 00 00 00 00 02 00 01 00 00 04 00 02 00 00 08     ................
 433:	01 04 00 01 10 02 08 00 02 20 04 11 00 04 41 08     ......... ....A.
 443:	22 00 08 42 10 44 01 10 45 20 48 02 20 4a 40 50     "..B.D..E H. J@P
 453:	04 41 54 40 60 08 42 68 41 60 11 44 70 42 60 22     .AT@`.BhA`.DpB`"
 463:	48 70 44 60 45 50 70 48 60 4a 50 70 50 60 54 60     HpD`EPpH`JPpP`T`
 473:	70 60 60 68 60 70 60 60 70 60 ff                    p``h`p``p`.

0000047e <tunnel>:
 47e:	00 00 1c 00 00 00 3e 22 3e 00 7f 41 41 41 7f ff     ......>">..AAA..

0000048e <wink>:
 48e:	00 26 20 26 00 00 26 20 26 00 00 26 20 26 00 00     .& &..& &..& &..
 49e:	26 20 24 00 00 26 20 26 00 00 26 20 26 00 10 26     & $..& &..& &..&
 4ae:	20 26 10 ff                                          &..

000004b2 <ecg>:
 4b2:	10 10 10 10 10 08 10 10 0f 70 10 10 08 08 10 10     .........p......
 4c2:	10 10 10 10 ff                                      .....

000004c7 <checkers>:
 4c7:	55 2a 55 2a 55 2a 55 2a 55 2a ff                    U*U*U*U*U*.

000004d2 <tetris>:
 4d2:	00 00 07 00 00 00 00 0e 00 00 00 08 08 08 00 10     ................
 4e2:	10 10 00 00 20 20 20 00 00 40 43 43 00 00 40 46     ....   ..@CC..@F
 4f2:	46 00 00 40 40 4c 0c 00 40 40 40 18 18 40 40 40     F..@@L..@@@..@@@
 502:	60 60 00 00 00 20 20 40 40 40 60 60 00 01 07 44     ``...  @@@``...D
 512:	40 00 02 0e 48 40 00 18 08 4c 40 30 10 18 40 40     @...H@...L@0..@@
 522:	60 20 30 40 40 60 27 34 40 40 7e 30 30 40 40 7e     ` 0@@`'4@@~00@@~
 532:	31 33 40 40 7e 32 36 40 40 7e 30 36 44 40 7e 30     13@@~26@@~06D@~0
 542:	30 4c 48 7e 30 30 50 58 7e 30 30 60 70 5e 10 10     0LH~00PX~00`p^..
 552:	40 50 7e 30 30 60 70 7c 20 20 40 60 7c 21 27 44     @P~00`p|  @`|!'D
 562:	60 7c 22 2e 48 60 7c 38 28 4c 60 7c 3b 2b 4c 60     `|".H`|8(L`|;+L`
 572:	7c 3e 2e 4c 60 7c 3f 2f 4d 60 ff                    |>.L`|?/M`.

0000057d <glider>:
 57d:	03 00 00 00 00 03 00 00 00 00 07 00 00 00 00 06     ................
 58d:	02 00 00 00 05 06 00 00 00 0c 06 00 00 00 08 0e     ................
 59d:	00 00 00 0a 0c 04 00 00 08 0a 0c 00 00 04 18 0c     ................
 5ad:	00 00 08 10 1c 00 00 00 14 18 08 00 00 10 14 18     ................
 5bd:	00 00 08 30 18 00 00 10 20 38 00 00 00 28 30 10     ...0.... 8...(0.
 5cd:	00 00 20 28 30 00 00 00 00 00 00 00 20 28 30 ff     .. (0....... (0.

000005dd <hop>:
 5dd:	20 50 50 20 00 30 48 48 30 00 06 09 09 06 00 01      PP .0HH0.......
 5ed:	02 02 01 00 00 01 01 00 00 ff                       ..........

000005f7 <pong>:
 5f7:	40 40 09 01 00 00 45 41 00 00 03 01 40 40 00 05     @@....EA....@@..
 607:	01 40 40 00 09 41 40 00 00 50 41 01 00 00 60 41     .@@..A@..PA...`A
 617:	01 00 00 40 51 01 00 00 00 41 51 00 00 00 00 41     ...@Q....AQ....A
 627:	49 00 00 00 41 41 08 00 00 40 45 01 00 00 05 41     I...AA...@E....A
 637:	40 00 03 01 40 40 01 05 00 40 40 00 09 01 40 40     @...@@...@@...@@
 647:	00 10 01 41 40 00 20 41 41 00 00 40 41 41 00 00     ...A@. AA..@AA..
 657:	40 41 01 00 ff                                      @A...

0000065c <house>:
 65c:	40 40 40 40 40 40 60 50 48 44 44 64 54 4c 44 44     @@@@@@`PHDDdTLDD
 66c:	6c 54 6c 44 44 6c 54 6c 7c 44 6c 55 6e 7c 44 6e     lTlDDlTl|DlUn|Dn
 67c:	55 6e 7c 7c 6e 55 6e 7c ff                          Un||nUn|.

00000685 <rocket>:
 685:	40 3c 43 3c 40 40 7c 43 7c 40 40 3c 43 3c 40 40     @<C<@@|C|@@<C<@@
 695:	7c 43 7c 40 40 3c 43 3c 40 40 7c 43 7c 40 20 5e     |C|@@<C<@@|C|@ ^
 6a5:	21 5e 20 10 6f 10 6f 10 08 77 08 77 08 04 7b 04     !^ .o.o..w.w..{.
 6b5:	7b 04 02 75 02 75 02 01 68 01 68 01 20 50 20 50     {..u.u..h.h. P P
 6c5:	20 40 10 20 00 40 20 00 40 00 40 40 00 40 00 00      @. .@ .@.@@.@..
 6d5:	ff                                                  .

000006d6 <train>:
 6d6:	3f 67 64 24 66 66 24 6f 69 69 3f 01 00 3c 64 66     ?gd$ff$oii?..<df
 6e6:	27 67 66 3c 00 00 21 3f 69 69 2f 29 29 2f 69 69     'gf<..!?ii/))/ii
 6f6:	3f 21 00 00 20 3e 62 62 23 23 23 62 62 3e 20 00     ?!.. >bb###bb> .
 706:	00 3c 64 7c 24 3c 24 3c 24 7c 64 3c ff              .<d|$<$<$|d<.

00000713 <explode>:
 713:	00 02 7d 00 00 00 01 7c 02 00 00 00 7a 00 00 00     ..}....|....z...
 723:	08 72 04 00 00 08 60 10 00 00 10 68 00 00 00 20     .r....`....h... 
 733:	40 10 00 00 00 20 00 00 00 00 00 00 00 00 00 00     @.... ..........
	...
 74b:	00 30 00 00 00 7c 54 38 00 79 3d 24 3d 79 7b 3f     .0...|T8.y=$=y{?
 75b:	16 3f 7b 7e 7c 18 7c 7e 7c 08 10 08 7c 70 08 10     .?{~|.|~|...|p..
 76b:	08 70 60 08 20 10 60 10 40 00 20 00 ff              .p`. .`.@. ..

00000778 <droplet>:
 778:	40 40 41 40 40 40 40 43 40 40 40 40 45 40 40 40     @@A@@@@C@@@@E@@@
 788:	40 49 40 40 40 40 51 40 40 40 40 21 40 40 40 40     @I@@@@Q@@@@!@@@@
 798:	51 40 40 40 48 41 48 40 48 40 41 40 48 40 40 41     Q@@@HAH@H@A@H@@A
 7a8:	40 40 ff                                            @@.

000007ab <psycho>:
 7ab:	1c 3e 77 3e 1c 3e 77 63 77 3e 77 63 41 63 77 63     .>w>.>wcw>wcAcwc
 7bb:	41 08 41 63 41 08 1c 08 41 08 1c 3e 1c 08 ff        A.AcA...A..>...

000007ca <tv_off>:
 7ca:	7f 7f 7f 7f 7f 1c 1c 1c 1c 1c 08 08 08 08 08 08     ................
 7da:	08 08 08 08 00 08 08 08 00 00 00 08 00 00 ff        ...............

000007e9 <clock>:
 7e9:	1c 22 2e 2a 1c 1c 22 2a 2e 1c 1c 22 2a 2a 1c 1c     .".*.."*..."**..
 7f9:	22 2a 3a 1c 1c 22 3a 2a 1c 1c 32 2a 2a 1c 1c 2a     "*:..":*..2**..*
 809:	2a 2a 1c 1c 26 2a 2a 1c ff                          **..&**..

00000812 <lady>:
 812:	40 40 58 64 68 64 68 70 48 44 4c 48 48 48 48 48     @@XdhdhpHDLHHHHH
 822:	44 42 71 49 52 64 68 70 70 58 40 40 40 40 ff        DBqIRdhppX@@@@.

00000831 <animation>:
 831:	32 03 83 03 e8 03 11 04 23 04 7e 04 8e 04 b2 04     2.......#.~.....
 841:	c7 04 d2 04 7d 05 dd 05 f7 05 5c 06 85 06 d6 06     ....}.....\.....
 851:	13 07 78 07 ab 07 ca 07 e9 07 12 08 00              ..x..........

0000085e <__ctors_end>:
 85e:	11 24       	eor	r1, r1
 860:	1f be       	out	0x3f, r1	; 63
 862:	cf e5       	ldi	r28, 0x5F	; 95
 864:	d1 e0       	ldi	r29, 0x01	; 1
 866:	de bf       	out	0x3e, r29	; 62
 868:	cd bf       	out	0x3d, r28	; 61

0000086a <__do_copy_data>:
 86a:	10 e0       	ldi	r17, 0x00	; 0
 86c:	a0 e6       	ldi	r26, 0x60	; 96
 86e:	b0 e0       	ldi	r27, 0x00	; 0
 870:	e8 ed       	ldi	r30, 0xD8	; 216
 872:	ff e0       	ldi	r31, 0x0F	; 15
 874:	02 c0       	rjmp	.+4      	; 0x87a <__do_copy_data+0x10>
 876:	05 90       	lpm	r0, Z+
 878:	0d 92       	st	X+, r0
 87a:	a6 36       	cpi	r26, 0x66	; 102
 87c:	b1 07       	cpc	r27, r17
 87e:	d9 f7       	brne	.-10     	; 0x876 <__do_copy_data+0xc>

00000880 <__do_clear_bss>:
 880:	11 e0       	ldi	r17, 0x01	; 1
 882:	a6 e6       	ldi	r26, 0x66	; 102
 884:	b0 e0       	ldi	r27, 0x00	; 0
 886:	01 c0       	rjmp	.+2      	; 0x88a <.do_clear_bss_start>

00000888 <.do_clear_bss_loop>:
 888:	1d 92       	st	X+, r1

0000088a <.do_clear_bss_start>:
 88a:	a9 33       	cpi	r26, 0x39	; 57
 88c:	b1 07       	cpc	r27, r17
 88e:	e1 f7       	brne	.-8      	; 0x888 <.do_clear_bss_loop>
 890:	18 d2       	rcall	.+1072   	; 0xcc2 <main>
 892:	a0 c3       	rjmp	.+1856   	; 0xfd4 <_exit>

00000894 <__bad_interrupt>:
 894:	b5 cb       	rjmp	.-2198   	; 0x0 <__vectors>

00000896 <dmSetOutputs>:
	Output:			none
	Description:	Set row and column outputs so that the leds of the specified 
					column represent the bit pattern (1 = led on).
======================================================================*/
inline void dmSetOutputs(uint8_t col, uint8_t pattern)
{
 896:	df 93       	push	r29
 898:	cf 93       	push	r28
 89a:	00 d0       	rcall	.+0      	; 0x89c <dmSetOutputs+0x6>
 89c:	0f 92       	push	r0
 89e:	cd b7       	in	r28, 0x3d	; 61
 8a0:	de b7       	in	r29, 0x3e	; 62
	uint8_t i;
	uint8_t p[3];

	p[0] = 0;  p[1] = 0;  p[2] = 0;
 8a2:	19 82       	std	Y+1, r1	; 0x01
 8a4:	1a 82       	std	Y+2, r1	; 0x02
 8a6:	1b 82       	std	Y+3, r1	; 0x03
 8a8:	20 e0       	ldi	r18, 0x00	; 0
 8aa:	30 e0       	ldi	r19, 0x00	; 0
	for (i = 0; i < DISP_ROWS; i++) {
		if (BIT_IS_ON) {
			p[ pgm_read_byte(&row_port[i]) ] |= pgm_read_byte(&row_bit[i]);		// set bit
 8ac:	ae 01       	movw	r20, r28
 8ae:	4f 5f       	subi	r20, 0xFF	; 255
 8b0:	5f 4f       	sbci	r21, 0xFF	; 255
	uint8_t i;
	uint8_t p[3];

	p[0] = 0;  p[1] = 0;  p[2] = 0;
	for (i = 0; i < DISP_ROWS; i++) {
		if (BIT_IS_ON) {
 8b2:	60 ff       	sbrs	r22, 0
 8b4:	0e c0       	rjmp	.+28     	; 0x8d2 <dmSetOutputs+0x3c>
			p[ pgm_read_byte(&row_port[i]) ] |= pgm_read_byte(&row_bit[i]);		// set bit
 8b6:	f9 01       	movw	r30, r18
 8b8:	ec 5e       	subi	r30, 0xEC	; 236
 8ba:	fc 4f       	sbci	r31, 0xFC	; 252
 8bc:	94 91       	lpm	r25, Z+
 8be:	f9 01       	movw	r30, r18
 8c0:	e5 5e       	subi	r30, 0xE5	; 229
 8c2:	fc 4f       	sbci	r31, 0xFC	; 252
 8c4:	e4 91       	lpm	r30, Z+
 8c6:	da 01       	movw	r26, r20
 8c8:	a9 0f       	add	r26, r25
 8ca:	b1 1d       	adc	r27, r1
 8cc:	9c 91       	ld	r25, X
 8ce:	9e 2b       	or	r25, r30
 8d0:	9c 93       	st	X, r25
 8d2:	2f 5f       	subi	r18, 0xFF	; 255
 8d4:	3f 4f       	sbci	r19, 0xFF	; 255
{
	uint8_t i;
	uint8_t p[3];

	p[0] = 0;  p[1] = 0;  p[2] = 0;
	for (i = 0; i < DISP_ROWS; i++) {
 8d6:	27 30       	cpi	r18, 0x07	; 7
 8d8:	31 05       	cpc	r19, r1
 8da:	11 f0       	breq	.+4      	; 0x8e0 <dmSetOutputs+0x4a>
		if (BIT_IS_ON) {
			p[ pgm_read_byte(&row_port[i]) ] |= pgm_read_byte(&row_bit[i]);		// set bit
		}
		NEXT_BIT;
 8dc:	66 95       	lsr	r22
 8de:	e9 cf       	rjmp	.-46     	; 0x8b2 <dmSetOutputs+0x1c>
{
	uint8_t i;
	uint8_t p[3];

	p[0] = 0;  p[1] = 0;  p[2] = 0;
	for (i = 0; i < DISP_ROWS; i++) {
 8e0:	20 e0       	ldi	r18, 0x00	; 0
 8e2:	30 e0       	ldi	r19, 0x00	; 0
		}
		NEXT_BIT;
	}		
	for (i = 0; i < DISP_COLUMNS; i++) {
		if (i != COL) {					// note: COL is a macro
			p[ pgm_read_byte(&col_port[i]) ] |= pgm_read_byte(&col_bit[i]);		// set bit
 8e4:	ae 01       	movw	r20, r28
 8e6:	4f 5f       	subi	r20, 0xFF	; 255
 8e8:	5f 4f       	sbci	r21, 0xFF	; 255
			p[ pgm_read_byte(&row_port[i]) ] |= pgm_read_byte(&row_bit[i]);		// set bit
		}
		NEXT_BIT;
	}		
	for (i = 0; i < DISP_COLUMNS; i++) {
		if (i != COL) {					// note: COL is a macro
 8ea:	82 17       	cp	r24, r18
 8ec:	71 f0       	breq	.+28     	; 0x90a <dmSetOutputs+0x74>
			p[ pgm_read_byte(&col_port[i]) ] |= pgm_read_byte(&col_bit[i]);		// set bit
 8ee:	f9 01       	movw	r30, r18
 8f0:	e6 5f       	subi	r30, 0xF6	; 246
 8f2:	fc 4f       	sbci	r31, 0xFC	; 252
 8f4:	94 91       	lpm	r25, Z+
 8f6:	f9 01       	movw	r30, r18
 8f8:	e1 5f       	subi	r30, 0xF1	; 241
 8fa:	fc 4f       	sbci	r31, 0xFC	; 252
 8fc:	e4 91       	lpm	r30, Z+
 8fe:	da 01       	movw	r26, r20
 900:	a9 0f       	add	r26, r25
 902:	b1 1d       	adc	r27, r1
 904:	9c 91       	ld	r25, X
 906:	9e 2b       	or	r25, r30
 908:	9c 93       	st	X, r25
 90a:	2f 5f       	subi	r18, 0xFF	; 255
 90c:	3f 4f       	sbci	r19, 0xFF	; 255
		if (BIT_IS_ON) {
			p[ pgm_read_byte(&row_port[i]) ] |= pgm_read_byte(&row_bit[i]);		// set bit
		}
		NEXT_BIT;
	}		
	for (i = 0; i < DISP_COLUMNS; i++) {
 90e:	25 30       	cpi	r18, 0x05	; 5
 910:	31 05       	cpc	r19, r1
 912:	59 f7       	brne	.-42     	; 0x8ea <dmSetOutputs+0x54>
		p[1] ^= DISP_MASK_B;
		p[2] ^= DISP_MASK_D;
	#endif

	// set outputs
	i = PORTA & ~DISP_MASK_A;
 914:	8b b3       	in	r24, 0x1b	; 27
 916:	8c 7f       	andi	r24, 0xFC	; 252
	PORTA = i | p[0];
 918:	99 81       	ldd	r25, Y+1	; 0x01
 91a:	89 2b       	or	r24, r25
 91c:	8b bb       	out	0x1b, r24	; 27
	i = PORTB & ~DISP_MASK_B;
 91e:	88 b3       	in	r24, 0x18	; 24
 920:	81 78       	andi	r24, 0x81	; 129
	PORTB = i | p[1];
 922:	9a 81       	ldd	r25, Y+2	; 0x02
 924:	89 2b       	or	r24, r25
 926:	88 bb       	out	0x18, r24	; 24
	i = PORTD & ~DISP_MASK_D;
 928:	82 b3       	in	r24, 0x12	; 18
 92a:	81 7e       	andi	r24, 0xE1	; 225
	PORTD = i | p[2];
 92c:	9b 81       	ldd	r25, Y+3	; 0x03
 92e:	89 2b       	or	r24, r25
 930:	82 bb       	out	0x12, r24	; 18
}
 932:	0f 90       	pop	r0
 934:	0f 90       	pop	r0
 936:	0f 90       	pop	r0
 938:	cf 91       	pop	r28
 93a:	df 91       	pop	r29
 93c:	08 95       	ret

0000093e <dmDisplay>:
	Description:	Switch to the next display column and display it on the led matrix.
					Call this function periodically, e. g. within an interrupt routine.
======================================================================*/
void dmDisplay(void)
{
	display.curr_col++;
 93e:	80 91 32 01 	lds	r24, 0x0132
 942:	8f 5f       	subi	r24, 0xFF	; 255
 944:	80 93 32 01 	sts	0x0132, r24
	if (display.curr_col >= DISP_COLUMNS) {
 948:	85 30       	cpi	r24, 0x05	; 5
 94a:	10 f0       	brcs	.+4      	; 0x950 <dmDisplay+0x12>
		display.curr_col = 0;
 94c:	10 92 32 01 	sts	0x0132, r1
	}
	dmSetOutputs(display.curr_col, display.memory[display.base + display.curr_col]);
 950:	80 91 32 01 	lds	r24, 0x0132
 954:	e8 2f       	mov	r30, r24
 956:	f0 e0       	ldi	r31, 0x00	; 0
 958:	90 91 31 01 	lds	r25, 0x0131
 95c:	e7 59       	subi	r30, 0x97	; 151
 95e:	ff 4f       	sbci	r31, 0xFF	; 255
 960:	e9 0f       	add	r30, r25
 962:	f1 1d       	adc	r31, r1
 964:	60 81       	ld	r22, Z
 966:	97 df       	rcall	.-210    	; 0x896 <dmSetOutputs>
}
 968:	08 95       	ret

0000096a <dmScroll>:
======================================================================*/
uint8_t dmScroll(void)
{
	uint8_t temp, mode;

	mode = display.scroll_mode;
 96a:	f0 91 33 01 	lds	r31, 0x0133
	temp = mode & 0x0F;										// extract increment
 96e:	2f 2f       	mov	r18, r31
 970:	2f 70       	andi	r18, 0x0F	; 15
	if (mode & 0x10)	{ temp = display.base - temp; }		// scrolling backward
 972:	8f 2f       	mov	r24, r31
 974:	90 e0       	ldi	r25, 0x00	; 0
 976:	ac 01       	movw	r20, r24
 978:	40 71       	andi	r20, 0x10	; 16
 97a:	50 70       	andi	r21, 0x00	; 0
 97c:	f4 ff       	sbrs	r31, 4
 97e:	04 c0       	rjmp	.+8      	; 0x988 <dmScroll+0x1e>
 980:	e0 91 31 01 	lds	r30, 0x0131
 984:	e2 1b       	sub	r30, r18
 986:	03 c0       	rjmp	.+6      	; 0x98e <dmScroll+0x24>
															// We use a dirty trick here:
															// Temp may underflow at left end of display memory.
	else				{ temp = display.base + temp; }		// scrolling forward
 988:	e0 91 31 01 	lds	r30, 0x0131
 98c:	e2 0f       	add	r30, r18

	if ((temp + DISP_COLUMNS) > display.cursor ) {			// end of scrolling range reached?
 98e:	a0 91 34 01 	lds	r26, 0x0134
 992:	2e 2f       	mov	r18, r30
 994:	30 e0       	ldi	r19, 0x00	; 0
 996:	2c 5f       	subi	r18, 0xFC	; 252
 998:	3f 4f       	sbci	r19, 0xFF	; 255
 99a:	6a 2f       	mov	r22, r26
 99c:	70 e0       	ldi	r23, 0x00	; 0
 99e:	26 17       	cp	r18, r22
 9a0:	37 07       	cpc	r19, r23
 9a2:	f4 f0       	brlt	.+60     	; 0x9e0 <dmScroll+0x76>
															// Note: As temp is allowed to underflow, this is 
															// true at both ends of the display memory.
		if (display.delay_counter) {
 9a4:	20 91 36 01 	lds	r18, 0x0136
 9a8:	22 23       	and	r18, r18
 9aa:	21 f0       	breq	.+8      	; 0x9b4 <dmScroll+0x4a>
			display.delay_counter--;
 9ac:	21 50       	subi	r18, 0x01	; 1
 9ae:	20 93 36 01 	sts	0x0136, r18
 9b2:	14 c0       	rjmp	.+40     	; 0x9dc <dmScroll+0x72>
		}
		else {
			display.delay_counter = display.scroll_delay;					// reload delay counter
 9b4:	20 91 35 01 	lds	r18, 0x0135
 9b8:	20 93 36 01 	sts	0x0136, r18
			if (mode & 0x20)		{ display.scroll_mode = mode ^ 0x10; }	// reverse direction
 9bc:	85 ff       	sbrs	r24, 5
 9be:	05 c0       	rjmp	.+10     	; 0x9ca <dmScroll+0x60>
 9c0:	80 e1       	ldi	r24, 0x10	; 16
 9c2:	8f 27       	eor	r24, r31
 9c4:	80 93 33 01 	sts	0x0133, r24
 9c8:	09 c0       	rjmp	.+18     	; 0x9dc <dmScroll+0x72>
			else if (mode &0x10)	{ display.base = display.cursor - DISP_COLUMNS; }	// restart from right end
 9ca:	41 15       	cp	r20, r1
 9cc:	51 05       	cpc	r21, r1
 9ce:	21 f0       	breq	.+8      	; 0x9d8 <dmScroll+0x6e>
 9d0:	a5 50       	subi	r26, 0x05	; 5
 9d2:	a0 93 31 01 	sts	0x0131, r26
 9d6:	02 c0       	rjmp	.+4      	; 0x9dc <dmScroll+0x72>
			else					{ display.base = 0; }					// restart from left end
 9d8:	10 92 31 01 	sts	0x0131, r1
		}
		return (1);
 9dc:	81 e0       	ldi	r24, 0x01	; 1
 9de:	08 95       	ret
	}
	else {
		display.base = temp;
 9e0:	e0 93 31 01 	sts	0x0131, r30
		return (0);
 9e4:	80 e0       	ldi	r24, 0x00	; 0
	}
}
 9e6:	08 95       	ret

000009e8 <dmSetScrolling>:
	Description:	Set scrolling increment and direction.
					Delay sets number of scrolling steps to wait at end of scrolling range.
======================================================================*/
void dmSetScrolling(uint8_t inc, uint8_t dir, uint8_t delay)
{
	inc &= 0x0F;		// limit range
 9e8:	8f 70       	andi	r24, 0x0F	; 15
	dir &= 0x03;		// limit range
 9ea:	63 70       	andi	r22, 0x03	; 3
	if (dir != BACKWARD)	{ display.delay_counter = delay; }
 9ec:	61 30       	cpi	r22, 0x01	; 1
 9ee:	19 f0       	breq	.+6      	; 0x9f6 <dmSetScrolling+0xe>
 9f0:	40 93 36 01 	sts	0x0136, r20
 9f4:	02 c0       	rjmp	.+4      	; 0x9fa <dmSetScrolling+0x12>
	else					{ display.delay_counter = 0; }
 9f6:	10 92 36 01 	sts	0x0136, r1
	swap(dir);
 9fa:	62 95       	swap	r22
	display.scroll_mode   = inc | dir;
 9fc:	68 2b       	or	r22, r24
 9fe:	60 93 33 01 	sts	0x0133, r22
	display.scroll_delay  = delay;
 a02:	40 93 35 01 	sts	0x0135, r20
}
 a06:	08 95       	ret

00000a08 <dmClearDisplay>:
======================================================================*/
void dmClearDisplay(void)
{
	uint8_t i;

	display.base  = 0;
 a08:	10 92 31 01 	sts	0x0131, r1
	display.cursor = 0;
 a0c:	10 92 34 01 	sts	0x0134, r1
	for (i = 0; i < DISP_COLUMNS; i++) {
		display.memory[i] = 0;
 a10:	10 92 69 00 	sts	0x0069, r1
 a14:	10 92 6a 00 	sts	0x006A, r1
 a18:	10 92 6b 00 	sts	0x006B, r1
 a1c:	10 92 6c 00 	sts	0x006C, r1
 a20:	10 92 6d 00 	sts	0x006D, r1
	}
}
 a24:	08 95       	ret

00000a26 <dmInit>:
	Output:			none
	Description:	Initialize the hardware.
======================================================================*/
void dmInit(void)
{
	dmClearDisplay();
 a26:	f0 df       	rcall	.-32     	; 0xa08 <dmClearDisplay>
	display.scroll_mode = 0;
 a28:	10 92 33 01 	sts	0x0133, r1
	display.scroll_delay = 0;
 a2c:	10 92 35 01 	sts	0x0135, r1
}
 a30:	08 95       	ret

00000a32 <dmDisplayImage>:
======================================================================*/
void dmDisplayImage(const uint8_t* image)
{
	uint8_t img_data, pos;

	pos = display.cursor;
 a32:	20 91 34 01 	lds	r18, 0x0134
	while(pos < DISP_MAX) {
 a36:	0b c0       	rjmp	.+22     	; 0xa4e <dmDisplayImage+0x1c>
		img_data = pgm_read_byte(image++);	// read byte from flash
 a38:	fc 01       	movw	r30, r24
 a3a:	34 91       	lpm	r19, Z+
		if (img_data == 0xFF) { break; }	// stop if end-of-data has been reached
 a3c:	3f 3f       	cpi	r19, 0xFF	; 255
 a3e:	49 f0       	breq	.+18     	; 0xa52 <dmDisplayImage+0x20>
{
	uint8_t img_data, pos;

	pos = display.cursor;
	while(pos < DISP_MAX) {
		img_data = pgm_read_byte(image++);	// read byte from flash
 a40:	01 96       	adiw	r24, 0x01	; 1
		if (img_data == 0xFF) { break; }	// stop if end-of-data has been reached
		display.memory[pos] = img_data;
 a42:	e2 2f       	mov	r30, r18
 a44:	f0 e0       	ldi	r31, 0x00	; 0
 a46:	e7 59       	subi	r30, 0x97	; 151
 a48:	ff 4f       	sbci	r31, 0xFF	; 255
 a4a:	30 83       	st	Z, r19
		pos++;
 a4c:	2f 5f       	subi	r18, 0xFF	; 255
void dmDisplayImage(const uint8_t* image)
{
	uint8_t img_data, pos;

	pos = display.cursor;
	while(pos < DISP_MAX) {
 a4e:	28 3c       	cpi	r18, 0xC8	; 200
 a50:	98 f3       	brcs	.-26     	; 0xa38 <dmDisplayImage+0x6>
		img_data = pgm_read_byte(image++);	// read byte from flash
		if (img_data == 0xFF) { break; }	// stop if end-of-data has been reached
		display.memory[pos] = img_data;
		pos++;
	}
	display.cursor = pos;
 a52:	20 93 34 01 	sts	0x0134, r18
}
 a56:	08 95       	ret

00000a58 <dmPrintByte>:
======================================================================*/
void dmPrintByte(uint8_t byt)
{
	uint8_t pos;

	pos = display.cursor;
 a58:	90 91 34 01 	lds	r25, 0x0134
	if (pos < DISP_MAX) { 
 a5c:	98 3c       	cpi	r25, 0xC8	; 200
 a5e:	40 f4       	brcc	.+16     	; 0xa70 <dmPrintByte+0x18>
		display.memory[pos] = byt;
 a60:	e9 2f       	mov	r30, r25
 a62:	f0 e0       	ldi	r31, 0x00	; 0
 a64:	e7 59       	subi	r30, 0x97	; 151
 a66:	ff 4f       	sbci	r31, 0xFF	; 255
 a68:	80 83       	st	Z, r24
		pos++;
 a6a:	9f 5f       	subi	r25, 0xFF	; 255
		display.cursor = pos;
 a6c:	90 93 34 01 	sts	0x0134, r25
 a70:	08 95       	ret

00000a72 <dmPrintChar>:
{
	uint8_t  i, pos, char_data;
	uint16_t fnt;			// pointer into character font

	// mapping of german special characters
	if (ch == 223) { ch = 138; }		// 'ß'
 a72:	8f 3d       	cpi	r24, 0xDF	; 223
 a74:	49 f0       	breq	.+18     	; 0xa88 <dmPrintChar+0x16>
	if (ch == 196) { ch = 133; }		// 'Ä'
 a76:	84 3c       	cpi	r24, 0xC4	; 196
 a78:	61 f0       	breq	.+24     	; 0xa92 <dmPrintChar+0x20>
	if (ch == 214) { ch = 135; }		// 'Ö'
 a7a:	86 3d       	cpi	r24, 0xD6	; 214
 a7c:	79 f0       	breq	.+30     	; 0xa9c <dmPrintChar+0x2a>
	if (ch == 220) { ch = 137; }		// 'Ü'
 a7e:	8c 3d       	cpi	r24, 0xDC	; 220
 a80:	79 f0       	breq	.+30     	; 0xaa0 <dmPrintChar+0x2e>
	if (ch == 228) { ch = 132; }		// 'ä'
 a82:	84 3e       	cpi	r24, 0xE4	; 228
 a84:	79 f0       	breq	.+30     	; 0xaa4 <dmPrintChar+0x32>
 a86:	02 c0       	rjmp	.+4      	; 0xa8c <dmPrintChar+0x1a>
{
	uint8_t  i, pos, char_data;
	uint16_t fnt;			// pointer into character font

	// mapping of german special characters
	if (ch == 223) { ch = 138; }		// 'ß'
 a88:	8a e8       	ldi	r24, 0x8A	; 138
 a8a:	11 c0       	rjmp	.+34     	; 0xaae <dmPrintChar+0x3c>
	if (ch == 196) { ch = 133; }		// 'Ä'
	if (ch == 214) { ch = 135; }		// 'Ö'
	if (ch == 220) { ch = 137; }		// 'Ü'
	if (ch == 228) { ch = 132; }		// 'ä'
	if (ch == 246) { ch = 134; }		// 'ö'
 a8c:	86 3f       	cpi	r24, 0xF6	; 246
 a8e:	61 f0       	breq	.+24     	; 0xaa8 <dmPrintChar+0x36>
 a90:	02 c0       	rjmp	.+4      	; 0xa96 <dmPrintChar+0x24>
	uint8_t  i, pos, char_data;
	uint16_t fnt;			// pointer into character font

	// mapping of german special characters
	if (ch == 223) { ch = 138; }		// 'ß'
	if (ch == 196) { ch = 133; }		// 'Ä'
 a92:	85 e8       	ldi	r24, 0x85	; 133
 a94:	0c c0       	rjmp	.+24     	; 0xaae <dmPrintChar+0x3c>
	if (ch == 214) { ch = 135; }		// 'Ö'
	if (ch == 220) { ch = 137; }		// 'Ü'
	if (ch == 228) { ch = 132; }		// 'ä'
	if (ch == 246) { ch = 134; }		// 'ö'
	if (ch == 252) { ch = 136; }		// 'ü'
 a96:	8c 3f       	cpi	r24, 0xFC	; 252
 a98:	49 f0       	breq	.+18     	; 0xaac <dmPrintChar+0x3a>
 a9a:	09 c0       	rjmp	.+18     	; 0xaae <dmPrintChar+0x3c>
	uint16_t fnt;			// pointer into character font

	// mapping of german special characters
	if (ch == 223) { ch = 138; }		// 'ß'
	if (ch == 196) { ch = 133; }		// 'Ä'
	if (ch == 214) { ch = 135; }		// 'Ö'
 a9c:	87 e8       	ldi	r24, 0x87	; 135
 a9e:	07 c0       	rjmp	.+14     	; 0xaae <dmPrintChar+0x3c>
	if (ch == 220) { ch = 137; }		// 'Ü'
 aa0:	89 e8       	ldi	r24, 0x89	; 137
 aa2:	05 c0       	rjmp	.+10     	; 0xaae <dmPrintChar+0x3c>
	if (ch == 228) { ch = 132; }		// 'ä'
 aa4:	84 e8       	ldi	r24, 0x84	; 132
 aa6:	03 c0       	rjmp	.+6      	; 0xaae <dmPrintChar+0x3c>
	if (ch == 246) { ch = 134; }		// 'ö'
 aa8:	86 e8       	ldi	r24, 0x86	; 134
 aaa:	01 c0       	rjmp	.+2      	; 0xaae <dmPrintChar+0x3c>
	if (ch == 252) { ch = 136; }		// 'ü'
 aac:	88 e8       	ldi	r24, 0x88	; 136
	ch -= 32;
 aae:	80 52       	subi	r24, 0x20	; 32
	if (ch > (sizeof(font)/CHAR_WIDTH)) { return; }
 ab0:	81 39       	cpi	r24, 0x91	; 145
 ab2:	28 f5       	brcc	.+74     	; 0xafe <dmPrintChar+0x8c>
		
	fnt = ch;
 ab4:	e8 2f       	mov	r30, r24
 ab6:	f0 e0       	ldi	r31, 0x00	; 0
	fnt = (fnt << 2) + fnt + (uint16_t) &font[0];		// fnt = &font + 5 * ch
 ab8:	cf 01       	movw	r24, r30
 aba:	88 0f       	add	r24, r24
 abc:	99 1f       	adc	r25, r25
 abe:	88 0f       	add	r24, r24
 ac0:	99 1f       	adc	r25, r25
 ac2:	e6 5c       	subi	r30, 0xC6	; 198
 ac4:	ff 4f       	sbci	r31, 0xFF	; 255
 ac6:	e8 0f       	add	r30, r24
 ac8:	f9 1f       	adc	r31, r25
	
	pos = display.cursor;
 aca:	80 91 34 01 	lds	r24, 0x0134
	Function:		dmPrintChar
	Input:			character code
	Output:			none
	Description:	Print character to display memory at current display cursor.
======================================================================*/
void dmPrintChar(uint8_t ch)
 ace:	af 01       	movw	r20, r30
 ad0:	4b 5f       	subi	r20, 0xFB	; 251
 ad2:	5f 4f       	sbci	r21, 0xFF	; 255
 ad4:	01 c0       	rjmp	.+2      	; 0xad8 <dmPrintChar+0x66>
	fnt = ch;
	fnt = (fnt << 2) + fnt + (uint16_t) &font[0];		// fnt = &font + 5 * ch
	
	pos = display.cursor;
	for (i = 0; i < CHAR_WIDTH; i++) {
		char_data = pgm_read_byte(fnt++);	// read byte from font
 ad6:	f9 01       	movw	r30, r18
 ad8:	9f 01       	movw	r18, r30
 ada:	2f 5f       	subi	r18, 0xFF	; 255
 adc:	3f 4f       	sbci	r19, 0xFF	; 255
 ade:	e4 91       	lpm	r30, Z+
		if (char_data & 0x80) { break; }	// stop if MSB is set (proportional character width)
 ae0:	e7 fd       	sbrc	r30, 7
 ae2:	0b c0       	rjmp	.+22     	; 0xafa <dmPrintChar+0x88>
		if (pos < DISP_MAX) {
 ae4:	88 3c       	cpi	r24, 0xC8	; 200
 ae6:	30 f4       	brcc	.+12     	; 0xaf4 <dmPrintChar+0x82>
			display.memory[pos] = char_data;
 ae8:	a8 2f       	mov	r26, r24
 aea:	b0 e0       	ldi	r27, 0x00	; 0
 aec:	a7 59       	subi	r26, 0x97	; 151
 aee:	bf 4f       	sbci	r27, 0xFF	; 255
 af0:	ec 93       	st	X, r30
			pos++;
 af2:	8f 5f       	subi	r24, 0xFF	; 255
		
	fnt = ch;
	fnt = (fnt << 2) + fnt + (uint16_t) &font[0];		// fnt = &font + 5 * ch
	
	pos = display.cursor;
	for (i = 0; i < CHAR_WIDTH; i++) {
 af4:	24 17       	cp	r18, r20
 af6:	35 07       	cpc	r19, r21
 af8:	71 f7       	brne	.-36     	; 0xad6 <dmPrintChar+0x64>
		if (pos < DISP_MAX) {
			display.memory[pos] = char_data;
			pos++;
		}		
	}
	display.cursor = pos;
 afa:	80 93 34 01 	sts	0x0134, r24
 afe:	08 95       	ret

00000b00 <InitHardware>:
	Description:	.
======================================================================*/
void InitHardware(void)
{
	// switch all pins that are connected to the dot matrix to output
	DDRA = DISP_MASK_A;
 b00:	83 e0       	ldi	r24, 0x03	; 3
 b02:	8a bb       	out	0x1a, r24	; 26
	DDRB = DISP_MASK_B;
 b04:	8e e7       	ldi	r24, 0x7E	; 126
 b06:	87 bb       	out	0x17, r24	; 23
	DDRD = DISP_MASK_D;
 b08:	8e e1       	ldi	r24, 0x1E	; 30
 b0a:	81 bb       	out	0x11, r24	; 17
	
	// enable pull-ups on all input pins to avoid floating inputs
	PORTA |= ~DISP_MASK_A;
 b0c:	8b b3       	in	r24, 0x1b	; 27
 b0e:	8c 6f       	ori	r24, 0xFC	; 252
 b10:	8b bb       	out	0x1b, r24	; 27
	PORTB |= ~DISP_MASK_B;
 b12:	88 b3       	in	r24, 0x18	; 24
 b14:	81 68       	ori	r24, 0x81	; 129
 b16:	88 bb       	out	0x18, r24	; 24
	PORTD |= ~DISP_MASK_D;
 b18:	82 b3       	in	r24, 0x12	; 18
 b1a:	81 6e       	ori	r24, 0xE1	; 225
 b1c:	82 bb       	out	0x12, r24	; 18
	
	// timer 0
	TCCR0A = (0<<WGM00);				// timer mode = normal
 b1e:	10 be       	out	0x30, r1	; 48
	TCCR0B = (5<<CS00);					// prescaler = 1:1024
 b20:	85 e0       	ldi	r24, 0x05	; 5
 b22:	83 bf       	out	0x33, r24	; 51
	OCR0A = OCR0A_CYCLE_TIME;
 b24:	84 e0       	ldi	r24, 0x04	; 4
 b26:	86 bf       	out	0x36, r24	; 54
	OCR0B = OCR0B_CYCLE_TIME;
 b28:	87 e2       	ldi	r24, 0x27	; 39
 b2a:	8c bf       	out	0x3c, r24	; 60
	TIMSK |= (1<<OCIE0B)|(1<<OCIE0A);
 b2c:	89 b7       	in	r24, 0x39	; 57
 b2e:	85 60       	ori	r24, 0x05	; 5
 b30:	89 bf       	out	0x39, r24	; 57
	
	// serial interface
	// Note: Speed of the serial interface must not be higher than 2400 Baud.
	// This leaves enough time for the EEPROM write operation to complete before 
	// the next byte arrives.
	UBRRL = (uint8_t) (114 * SER_CLK_CORRECTION);	// 2400 baud, corrected value
 b32:	82 e7       	ldi	r24, 0x72	; 114
 b34:	89 b9       	out	0x09, r24	; 9
//	UBRRL = 103;						// 2400 baud, ideal value
//	UBRRL = 207;						// 1200 baud, ideal value
	UBRRH = 0;
 b36:	12 b8       	out	0x02, r1	; 2
	UCSRB = (1<<RXCIE)|(1<<RXEN);		// enable receiver, enable RX interrupt
 b38:	80 e9       	ldi	r24, 0x90	; 144
 b3a:	8a b9       	out	0x0a, r24	; 10
	UCSRC = (3<<UCSZ0);					// async USART, 8 data bits, no parity, 1 stop bit
 b3c:	86 e0       	ldi	r24, 0x06	; 6
 b3e:	83 b9       	out	0x03, r24	; 3
}
 b40:	08 95       	ret

00000b42 <SetMode>:
					Bit 6..4:	delay between scrolling repetitions (0 = shortest, 7 = longest)
					Bit 3:		scrolling increment (cleared = +1 (for texts), set = +5 (for animations))
					Bit 2..0:	scrolling speed (1 = slowest, 7 = fastest)
======================================================================*/
void SetMode(uint8_t mode)
{
 b42:	1f 93       	push	r17
 b44:	18 2f       	mov	r17, r24
	uint8_t inc, dir, dly, spd;

	if (mode & 0x08)	{ inc = 5; }
 b46:	83 ff       	sbrs	r24, 3
 b48:	02 c0       	rjmp	.+4      	; 0xb4e <SetMode+0xc>
 b4a:	85 e0       	ldi	r24, 0x05	; 5
 b4c:	01 c0       	rjmp	.+2      	; 0xb50 <SetMode+0xe>
		else			{ inc = 1; }
 b4e:	81 e0       	ldi	r24, 0x01	; 1
	if (mode & 0x80)	{ dir = BIDIRECTIONAL; }
 b50:	61 2f       	mov	r22, r17
 b52:	66 1f       	adc	r22, r22
 b54:	66 27       	eor	r22, r22
 b56:	66 1f       	adc	r22, r22
 b58:	66 0f       	add	r22, r22
		else			{ dir = FORWARD; }
	spd = mode & 0x07;
	dly = swap(mode) & 0x07;
 b5a:	e1 2f       	mov	r30, r17
 b5c:	e2 95       	swap	r30
 b5e:	e7 70       	andi	r30, 0x07	; 7
	dmSetScrolling(inc, dir, pgm_read_byte(&dly_conv[dly]));
 b60:	f0 e0       	ldi	r31, 0x00	; 0
 b62:	ee 5d       	subi	r30, 0xDE	; 222
 b64:	fc 4f       	sbci	r31, 0xFC	; 252
 b66:	44 91       	lpm	r20, Z+
 b68:	3f df       	rcall	.-386    	; 0x9e8 <dmSetScrolling>

	if (mode & 0x08)	{ inc = 5; }
		else			{ inc = 1; }
	if (mode & 0x80)	{ dir = BIDIRECTIONAL; }
		else			{ dir = FORWARD; }
	spd = mode & 0x07;
 b6a:	17 70       	andi	r17, 0x07	; 7
	dly = swap(mode) & 0x07;
	dmSetScrolling(inc, dir, pgm_read_byte(&dly_conv[dly]));
	scroll_speed = pgm_read_byte(&spd_conv[spd]);
 b6c:	e1 2f       	mov	r30, r17
 b6e:	f0 e0       	ldi	r31, 0x00	; 0
 b70:	e6 5d       	subi	r30, 0xD6	; 214
 b72:	fc 4f       	sbci	r31, 0xFC	; 252
 b74:	e4 91       	lpm	r30, Z+
 b76:	e0 93 60 00 	sts	0x0060, r30
}		
 b7a:	1f 91       	pop	r17
 b7c:	08 95       	ret

00000b7e <DisplayMessage>:
					the following bytes are directly written to the display 
					memory without being decoded using the character font.
					Direct mode is ended by 0xFF.
======================================================================*/
uint8_t* DisplayMessage(uint8_t* ee_adr)
{
 b7e:	cf 92       	push	r12
 b80:	df 92       	push	r13
 b82:	ef 92       	push	r14
 b84:	ff 92       	push	r15
 b86:	0f 93       	push	r16
 b88:	1f 93       	push	r17
 b8a:	df 93       	push	r29
 b8c:	cf 93       	push	r28
 b8e:	0f 92       	push	r0
 b90:	cd b7       	in	r28, 0x3d	; 61
 b92:	de b7       	in	r29, 0x3e	; 62
 b94:	8c 01       	movw	r16, r24
	uint8_t ch;

	SetMode(eeprom_read_byte(ee_adr));
 b96:	08 d2       	rcall	.+1040   	; 0xfa8 <__eerd_byte_tn4313>
 b98:	d4 df       	rcall	.-88     	; 0xb42 <SetMode>
	ee_adr++;
 b9a:	0f 5f       	subi	r16, 0xFF	; 255
 b9c:	1f 4f       	sbci	r17, 0xFF	; 255
	dmClearDisplay();
 b9e:	34 df       	rcall	.-408    	; 0xa08 <dmClearDisplay>

	ch = eeprom_read_byte(ee_adr++);
 ba0:	68 01       	movw	r12, r16
 ba2:	08 94       	sec
 ba4:	c1 1c       	adc	r12, r1
 ba6:	d1 1c       	adc	r13, r1
 ba8:	c8 01       	movw	r24, r16
 baa:	fe d1       	rcall	.+1020   	; 0xfa8 <__eerd_byte_tn4313>
 bac:	98 2f       	mov	r25, r24
	while (ch) {
 bae:	46 c0       	rjmp	.+140    	; 0xc3c <DisplayMessage+0xbe>
		if (ch == '~') {					// animation
 bb0:	9e 37       	cpi	r25, 0x7E	; 126
 bb2:	a9 f4       	brne	.+42     	; 0xbde <DisplayMessage+0x60>
			ch = eeprom_read_byte(ee_adr++);
 bb4:	86 01       	movw	r16, r12
 bb6:	0f 5f       	subi	r16, 0xFF	; 255
 bb8:	1f 4f       	sbci	r17, 0xFF	; 255
 bba:	c6 01       	movw	r24, r12
 bbc:	f5 d1       	rcall	.+1002   	; 0xfa8 <__eerd_byte_tn4313>
			if (ch != '~') {
 bbe:	8e 37       	cpi	r24, 0x7E	; 126
 bc0:	81 f1       	breq	.+96     	; 0xc22 <DisplayMessage+0xa4>
				ch -= 'A';
 bc2:	e8 2f       	mov	r30, r24
 bc4:	e1 54       	subi	r30, 0x41	; 65
				if (ch < ANIMATION_COUNT) {
 bc6:	e6 31       	cpi	r30, 0x16	; 22
 bc8:	60 f5       	brcc	.+88     	; 0xc22 <DisplayMessage+0xa4>
					dmDisplayImage((const uint8_t*)pgm_read_word(&animation[ch]));
 bca:	f0 e0       	ldi	r31, 0x00	; 0
 bcc:	ee 0f       	add	r30, r30
 bce:	ff 1f       	adc	r31, r31
 bd0:	ef 5c       	subi	r30, 0xCF	; 207
 bd2:	f7 4f       	sbci	r31, 0xF7	; 247
 bd4:	25 91       	lpm	r18, Z+
 bd6:	34 91       	lpm	r19, Z+
 bd8:	c9 01       	movw	r24, r18
 bda:	2b df       	rcall	.-426    	; 0xa32 <dmDisplayImage>
 bdc:	22 c0       	rjmp	.+68     	; 0xc22 <DisplayMessage+0xa4>
				}				
			}
		}
		else if (ch == 0xFF) {				// direct mode
 bde:	9f 3f       	cpi	r25, 0xFF	; 255
 be0:	89 f4       	brne	.+34     	; 0xc04 <DisplayMessage+0x86>
			ch = eeprom_read_byte(ee_adr++);
 be2:	86 01       	movw	r16, r12
 be4:	0f 5f       	subi	r16, 0xFF	; 255
 be6:	1f 4f       	sbci	r17, 0xFF	; 255
 be8:	c6 01       	movw	r24, r12
 bea:	de d1       	rcall	.+956    	; 0xfa8 <__eerd_byte_tn4313>
			while (ch != 0xFF) {
 bec:	08 c0       	rjmp	.+16     	; 0xbfe <DisplayMessage+0x80>
				dmPrintByte(ch);
 bee:	34 df       	rcall	.-408    	; 0xa58 <dmPrintByte>
				ch = eeprom_read_byte(ee_adr++);
 bf0:	68 01       	movw	r12, r16
 bf2:	08 94       	sec
 bf4:	c1 1c       	adc	r12, r1
 bf6:	d1 1c       	adc	r13, r1
 bf8:	c8 01       	movw	r24, r16
 bfa:	d6 d1       	rcall	.+940    	; 0xfa8 <__eerd_byte_tn4313>
 bfc:	86 01       	movw	r16, r12
				}				
			}
		}
		else if (ch == 0xFF) {				// direct mode
			ch = eeprom_read_byte(ee_adr++);
			while (ch != 0xFF) {
 bfe:	8f 3f       	cpi	r24, 0xFF	; 255
 c00:	b1 f7       	brne	.-20     	; 0xbee <DisplayMessage+0x70>
 c02:	0f c0       	rjmp	.+30     	; 0xc22 <DisplayMessage+0xa4>
				dmPrintByte(ch);
				ch = eeprom_read_byte(ee_adr++);
			}
		}
		else {								// character
			if (ch == '^') {				// special character
 c04:	9e 35       	cpi	r25, 0x5E	; 94
 c06:	51 f4       	brne	.+20     	; 0xc1c <DisplayMessage+0x9e>
				ch = eeprom_read_byte(ee_adr++);
 c08:	86 01       	movw	r16, r12
 c0a:	0f 5f       	subi	r16, 0xFF	; 255
 c0c:	1f 4f       	sbci	r17, 0xFF	; 255
 c0e:	c6 01       	movw	r24, r12
 c10:	cb d1       	rcall	.+918    	; 0xfa8 <__eerd_byte_tn4313>
 c12:	98 2f       	mov	r25, r24
				if (ch != '^') {
 c14:	8e 35       	cpi	r24, 0x5E	; 94
 c16:	19 f0       	breq	.+6      	; 0xc1e <DisplayMessage+0xa0>
					ch += 63;
 c18:	91 5c       	subi	r25, 0xC1	; 193
 c1a:	01 c0       	rjmp	.+2      	; 0xc1e <DisplayMessage+0xa0>
				dmPrintByte(ch);
				ch = eeprom_read_byte(ee_adr++);
			}
		}
		else {								// character
			if (ch == '^') {				// special character
 c1c:	86 01       	movw	r16, r12
				ch = eeprom_read_byte(ee_adr++);
				if (ch != '^') {
					ch += 63;
				}
			}
			dmPrintChar(ch);
 c1e:	89 2f       	mov	r24, r25
 c20:	28 df       	rcall	.-432    	; 0xa72 <dmPrintChar>
		}
		ch = eeprom_read_byte(ee_adr++);
 c22:	68 01       	movw	r12, r16
 c24:	08 94       	sec
 c26:	c1 1c       	adc	r12, r1
 c28:	d1 1c       	adc	r13, r1
 c2a:	c8 01       	movw	r24, r16
 c2c:	bd d1       	rcall	.+890    	; 0xfa8 <__eerd_byte_tn4313>
 c2e:	98 2f       	mov	r25, r24
		if (ch) { dmPrintByte(0); }			// print a narrow space except for the last character					
 c30:	88 23       	and	r24, r24
 c32:	21 f0       	breq	.+8      	; 0xc3c <DisplayMessage+0xbe>
 c34:	80 e0       	ldi	r24, 0x00	; 0
 c36:	99 83       	std	Y+1, r25	; 0x01
 c38:	0f df       	rcall	.-482    	; 0xa58 <dmPrintByte>
 c3a:	99 81       	ldd	r25, Y+1	; 0x01
	SetMode(eeprom_read_byte(ee_adr));
	ee_adr++;
	dmClearDisplay();

	ch = eeprom_read_byte(ee_adr++);
	while (ch) {
 c3c:	99 23       	and	r25, r25
 c3e:	09 f0       	breq	.+2      	; 0xc42 <DisplayMessage+0xc4>
 c40:	b7 cf       	rjmp	.-146    	; 0xbb0 <DisplayMessage+0x32>
			dmPrintChar(ch);
		}
		ch = eeprom_read_byte(ee_adr++);
		if (ch) { dmPrintByte(0); }			// print a narrow space except for the last character					
	}
	ch = eeprom_read_byte(ee_adr);			// read mode byte of next message
 c42:	c6 01       	movw	r24, r12
 c44:	b1 d1       	rcall	.+866    	; 0xfa8 <__eerd_byte_tn4313>
	if (ch)		{ return(ee_adr); }
 c46:	88 23       	and	r24, r24
 c48:	21 f4       	brne	.+8      	; 0xc52 <DisplayMessage+0xd4>
		else	{ return((uint8_t*) messages); }	// restart all-over if mode byte is 0
 c4a:	80 e0       	ldi	r24, 0x00	; 0
 c4c:	c8 2e       	mov	r12, r24
 c4e:	80 e0       	ldi	r24, 0x00	; 0
 c50:	d8 2e       	mov	r13, r24
}
 c52:	c6 01       	movw	r24, r12
 c54:	0f 90       	pop	r0
 c56:	cf 91       	pop	r28
 c58:	df 91       	pop	r29
 c5a:	1f 91       	pop	r17
 c5c:	0f 91       	pop	r16
 c5e:	ff 90       	pop	r15
 c60:	ef 90       	pop	r14
 c62:	df 90       	pop	r13
 c64:	cf 90       	pop	r12
 c66:	08 95       	ret

00000c68 <GoToSleep>:
	Description:	Put the controller into sleep mode and prepare for
					wake-up by a pin change interrupt.
======================================================================*/
void GoToSleep(void)
{
	dmClearDisplay();
 c68:	cf de       	rcall	.-610    	; 0xa08 <dmClearDisplay>
	#else
		//round up by default
		__ticks_dc = (uint32_t)(ceil(fabs(__tmp)));
	#endif

	__builtin_avr_delay_cycles(__ticks_dc);
 c6a:	8f ef       	ldi	r24, 0xFF	; 255
 c6c:	94 e3       	ldi	r25, 0x34	; 52
 c6e:	ac e0       	ldi	r26, 0x0C	; 12
 c70:	81 50       	subi	r24, 0x01	; 1
 c72:	90 40       	sbci	r25, 0x00	; 0
 c74:	a0 40       	sbci	r26, 0x00	; 0
 c76:	e1 f7       	brne	.-8      	; 0xc70 <GoToSleep+0x8>
 c78:	00 c0       	rjmp	.+0      	; 0xc7a <GoToSleep+0x12>
 c7a:	00 00       	nop
	_delay_ms(1000);
	GIFR = (1<<PCIF2);				// clear interrupt flag
 c7c:	80 e1       	ldi	r24, 0x10	; 16
 c7e:	8a bf       	out	0x3a, r24	; 58
	PCMSK2 = (1<<PCINT17);			// enable pin change interrupt
 c80:	90 e4       	ldi	r25, 0x40	; 64
 c82:	95 b9       	out	0x05, r25	; 5
	GIMSK = (1<<PCIE2);				// enable pin change interrupt
 c84:	8b bf       	out	0x3b, r24	; 59
	set_sleep_mode(SLEEP_MODE_PWR_DOWN);
 c86:	85 b7       	in	r24, 0x35	; 53
 c88:	80 65       	ori	r24, 0x50	; 80
 c8a:	85 bf       	out	0x35, r24	; 53
	sleep_mode();
 c8c:	85 b7       	in	r24, 0x35	; 53
 c8e:	80 62       	ori	r24, 0x20	; 32
 c90:	85 bf       	out	0x35, r24	; 53
 c92:	88 95       	sleep
 c94:	85 b7       	in	r24, 0x35	; 53
 c96:	8f 7d       	andi	r24, 0xDF	; 223
 c98:	85 bf       	out	0x35, r24	; 53
	GIMSK = 0;						// disable all external interrupts (including pin change)
 c9a:	1b be       	out	0x3b, r1	; 59
	dmPrintChar(131);				// happy smiley
 c9c:	83 e8       	ldi	r24, 0x83	; 131
 c9e:	e9 de       	rcall	.-558    	; 0xa72 <dmPrintChar>
 ca0:	8f e7       	ldi	r24, 0x7F	; 127
 ca2:	9a e1       	ldi	r25, 0x1A	; 26
 ca4:	a6 e0       	ldi	r26, 0x06	; 6
 ca6:	81 50       	subi	r24, 0x01	; 1
 ca8:	90 40       	sbci	r25, 0x00	; 0
 caa:	a0 40       	sbci	r26, 0x00	; 0
 cac:	e1 f7       	brne	.-8      	; 0xca6 <GoToSleep+0x3e>
 cae:	00 c0       	rjmp	.+0      	; 0xcb0 <GoToSleep+0x48>
 cb0:	00 00       	nop
	_delay_ms(500);
	msg_ptr = DisplayMessage((uint8_t*) messages);
 cb2:	80 e0       	ldi	r24, 0x00	; 0
 cb4:	90 e0       	ldi	r25, 0x00	; 0
 cb6:	63 df       	rcall	.-314    	; 0xb7e <DisplayMessage>
 cb8:	90 93 38 01 	sts	0x0138, r25
 cbc:	80 93 37 01 	sts	0x0137, r24
}
 cc0:	08 95       	ret

00000cc2 <main>:
 * main *
 ********/

int main(void)
{
	InitHardware();
 cc2:	1e df       	rcall	.-452    	; 0xb00 <InitHardware>
	dmInit();
 cc4:	b0 de       	rcall	.-672    	; 0xa26 <dmInit>
	sei();									// enable interrupts
 cc6:	78 94       	sei

	GoToSleep();
 cc8:	cf df       	rcall	.-98     	; 0xc68 <GoToSleep>
	button |= PB_ACK;
 cca:	80 91 61 00 	lds	r24, 0x0061
 cce:	80 68       	ori	r24, 0x80	; 128
 cd0:	80 93 61 00 	sts	0x0061, r24

	while(1)
	{
		if (button == PB_RELEASE) {			// short button press
 cd4:	80 91 61 00 	lds	r24, 0x0061
 cd8:	88 23       	and	r24, r24
 cda:	71 f4       	brne	.+28     	; 0xcf8 <main+0x36>
			msg_ptr = DisplayMessage(msg_ptr);
 cdc:	80 91 37 01 	lds	r24, 0x0137
 ce0:	90 91 38 01 	lds	r25, 0x0138
 ce4:	4c df       	rcall	.-360    	; 0xb7e <DisplayMessage>
 ce6:	90 93 38 01 	sts	0x0138, r25
 cea:	80 93 37 01 	sts	0x0137, r24
			button |= PB_ACK;
 cee:	80 91 61 00 	lds	r24, 0x0061
 cf2:	80 68       	ori	r24, 0x80	; 128
 cf4:	80 93 61 00 	sts	0x0061, r24
		}
		
		if (button == PB_LONGPRESS) {		// button pressed for some seconds
 cf8:	80 91 61 00 	lds	r24, 0x0061
 cfc:	83 30       	cpi	r24, 0x03	; 3
 cfe:	51 f7       	brne	.-44     	; 0xcd4 <main+0x12>
			dmClearDisplay();
 d00:	83 de       	rcall	.-762    	; 0xa08 <dmClearDisplay>
			dmPrintChar(130);				// sad smiley
 d02:	82 e8       	ldi	r24, 0x82	; 130
 d04:	b6 de       	rcall	.-660    	; 0xa72 <dmPrintChar>
 d06:	8f e7       	ldi	r24, 0x7F	; 127
 d08:	9a e1       	ldi	r25, 0x1A	; 26
 d0a:	a6 e0       	ldi	r26, 0x06	; 6
 d0c:	81 50       	subi	r24, 0x01	; 1
 d0e:	90 40       	sbci	r25, 0x00	; 0
 d10:	a0 40       	sbci	r26, 0x00	; 0
 d12:	e1 f7       	brne	.-8      	; 0xd0c <main+0x4a>
 d14:	00 c0       	rjmp	.+0      	; 0xd16 <main+0x54>
 d16:	00 00       	nop
 d18:	d7 cf       	rjmp	.-82     	; 0xcc8 <main+0x6>

00000d1a <__vector_13>:
 * interrupt service routines *
 ******************************/

ISR(TIMER0_COMPA_vect)
// display interrupt
{
 d1a:	1f 92       	push	r1
 d1c:	0f 92       	push	r0
 d1e:	0f b6       	in	r0, 0x3f	; 63
 d20:	0f 92       	push	r0
 d22:	11 24       	eor	r1, r1
 d24:	2f 93       	push	r18
 d26:	3f 93       	push	r19
 d28:	4f 93       	push	r20
 d2a:	5f 93       	push	r21
 d2c:	6f 93       	push	r22
 d2e:	7f 93       	push	r23
 d30:	8f 93       	push	r24
 d32:	9f 93       	push	r25
 d34:	af 93       	push	r26
 d36:	bf 93       	push	r27
 d38:	ef 93       	push	r30
 d3a:	ff 93       	push	r31
	OCR0A += OCR0A_CYCLE_TIME;				// setup next cycle
 d3c:	86 b7       	in	r24, 0x36	; 54
 d3e:	8c 5f       	subi	r24, 0xFC	; 252
 d40:	86 bf       	out	0x36, r24	; 54

	dmDisplay();							// show next column on dot matrix display
 d42:	fd dd       	rcall	.-1030   	; 0x93e <dmDisplay>
}
 d44:	ff 91       	pop	r31
 d46:	ef 91       	pop	r30
 d48:	bf 91       	pop	r27
 d4a:	af 91       	pop	r26
 d4c:	9f 91       	pop	r25
 d4e:	8f 91       	pop	r24
 d50:	7f 91       	pop	r23
 d52:	6f 91       	pop	r22
 d54:	5f 91       	pop	r21
 d56:	4f 91       	pop	r20
 d58:	3f 91       	pop	r19
 d5a:	2f 91       	pop	r18
 d5c:	0f 90       	pop	r0
 d5e:	0f be       	out	0x3f, r0	; 63
 d60:	0f 90       	pop	r0
 d62:	1f 90       	pop	r1
 d64:	18 95       	reti

00000d66 <__vector_14>:


ISR(TIMER0_COMPB_vect)
// system timer interrupt
{
 d66:	1f 92       	push	r1
 d68:	0f 92       	push	r0
 d6a:	0f b6       	in	r0, 0x3f	; 63
 d6c:	0f 92       	push	r0
 d6e:	11 24       	eor	r1, r1
 d70:	2f 93       	push	r18
 d72:	3f 93       	push	r19
 d74:	4f 93       	push	r20
 d76:	5f 93       	push	r21
 d78:	6f 93       	push	r22
 d7a:	7f 93       	push	r23
 d7c:	8f 93       	push	r24
 d7e:	9f 93       	push	r25
 d80:	af 93       	push	r26
 d82:	bf 93       	push	r27
 d84:	ef 93       	push	r30
 d86:	ff 93       	push	r31
	static uint8_t scroll_timer = 1;
	static uint8_t pb_timer = 0;			// push button timer
	uint8_t temp;
		
	OCR0B += OCR0B_CYCLE_TIME;				// setup next cycle
 d88:	8c b7       	in	r24, 0x3c	; 60
 d8a:	89 5d       	subi	r24, 0xD9	; 217
 d8c:	8c bf       	out	0x3c, r24	; 60

	if (scroll_timer) {
 d8e:	80 91 64 00 	lds	r24, 0x0064
 d92:	88 23       	and	r24, r24
 d94:	21 f0       	breq	.+8      	; 0xd9e <__vector_14+0x38>
		scroll_timer--;
 d96:	81 50       	subi	r24, 0x01	; 1
 d98:	80 93 64 00 	sts	0x0064, r24
 d9c:	05 c0       	rjmp	.+10     	; 0xda8 <__vector_14+0x42>
	}
	else {
		scroll_timer = scroll_speed;		// restart timer
 d9e:	80 91 60 00 	lds	r24, 0x0060
 da2:	80 93 64 00 	sts	0x0064, r24
		dmScroll();							// do a scrolling step
 da6:	e1 dd       	rcall	.-1086   	; 0x96a <dmScroll>
	}
	
	// push button sampling
	temp = ~PB_PIN;							// sample push button
 da8:	80 b3       	in	r24, 0x10	; 16
	temp &= PB_MASK;						// extract push button state
	if (temp == 0) {						// --- button not pressed ---
 daa:	86 ff       	sbrs	r24, 6
 dac:	08 c0       	rjmp	.+16     	; 0xdbe <__vector_14+0x58>
		if (button & PB_PRESS) {			// former state = pressed?
 dae:	80 91 61 00 	lds	r24, 0x0061
 db2:	80 ff       	sbrs	r24, 0
 db4:	1c c0       	rjmp	.+56     	; 0xdee <__vector_14+0x88>
			button &= ~(PB_PRESS | PB_ACK);	// -> issue release event
 db6:	80 91 61 00 	lds	r24, 0x0061
 dba:	8e 77       	andi	r24, 0x7E	; 126
 dbc:	12 c0       	rjmp	.+36     	; 0xde2 <__vector_14+0x7c>
		}
	}
	else {									// --- button pressed ---
		if ((button & PB_PRESS) == 0) {		// former state = button released?
 dbe:	80 91 61 00 	lds	r24, 0x0061
 dc2:	80 fd       	sbrc	r24, 0
 dc4:	05 c0       	rjmp	.+10     	; 0xdd0 <__vector_14+0x6a>
			button = PB_PRESS;				// issue new press event
 dc6:	81 e0       	ldi	r24, 0x01	; 1
 dc8:	80 93 61 00 	sts	0x0061, r24
			pb_timer = PB_LONGPRESS_DELAY;	// start push button timer
 dcc:	84 e6       	ldi	r24, 0x64	; 100
 dce:	0d c0       	rjmp	.+26     	; 0xdea <__vector_14+0x84>
		}
		else {
			if (button == PB_PRESS) {		// holding key pressed
 dd0:	80 91 61 00 	lds	r24, 0x0061
 dd4:	81 30       	cpi	r24, 0x01	; 1
 dd6:	59 f4       	brne	.+22     	; 0xdee <__vector_14+0x88>
				if (pb_timer == 0) {		// if push button timer has elapsed
 dd8:	80 91 68 00 	lds	r24, 0x0068
 ddc:	88 23       	and	r24, r24
 dde:	21 f4       	brne	.+8      	; 0xde8 <__vector_14+0x82>
					button = PB_LONGPRESS;	// issue long event
 de0:	83 e0       	ldi	r24, 0x03	; 3
 de2:	80 93 61 00 	sts	0x0061, r24
 de6:	03 c0       	rjmp	.+6      	; 0xdee <__vector_14+0x88>
				}
				else {
					pb_timer--;
 de8:	81 50       	subi	r24, 0x01	; 1
 dea:	80 93 68 00 	sts	0x0068, r24
				}
			}			
		}		
	}
	
}
 dee:	ff 91       	pop	r31
 df0:	ef 91       	pop	r30
 df2:	bf 91       	pop	r27
 df4:	af 91       	pop	r26
 df6:	9f 91       	pop	r25
 df8:	8f 91       	pop	r24
 dfa:	7f 91       	pop	r23
 dfc:	6f 91       	pop	r22
 dfe:	5f 91       	pop	r21
 e00:	4f 91       	pop	r20
 e02:	3f 91       	pop	r19
 e04:	2f 91       	pop	r18
 e06:	0f 90       	pop	r0
 e08:	0f be       	out	0x3f, r0	; 63
 e0a:	0f 90       	pop	r0
 e0c:	1f 90       	pop	r1
 e0e:	18 95       	reti

00000e10 <__vector_20>:


ISR(PCINT_D_vect)
// pin change interrupt (for wake-up)
{
 e10:	1f 92       	push	r1
 e12:	0f 92       	push	r0
 e14:	0f b6       	in	r0, 0x3f	; 63
 e16:	0f 92       	push	r0
 e18:	11 24       	eor	r1, r1
}
 e1a:	0f 90       	pop	r0
 e1c:	0f be       	out	0x3f, r0	; 63
 e1e:	0f 90       	pop	r0
 e20:	1f 90       	pop	r1
 e22:	18 95       	reti

00000e24 <__vector_7>:



ISR(USART0_RX_vect)
{
 e24:	1f 92       	push	r1
 e26:	0f 92       	push	r0
 e28:	0f b6       	in	r0, 0x3f	; 63
 e2a:	0f 92       	push	r0
 e2c:	11 24       	eor	r1, r1
 e2e:	1f 93       	push	r17
 e30:	2f 93       	push	r18
 e32:	3f 93       	push	r19
 e34:	4f 93       	push	r20
 e36:	5f 93       	push	r21
 e38:	6f 93       	push	r22
 e3a:	7f 93       	push	r23
 e3c:	8f 93       	push	r24
 e3e:	9f 93       	push	r25
 e40:	af 93       	push	r26
 e42:	bf 93       	push	r27
 e44:	ef 93       	push	r30
 e46:	ff 93       	push	r31
	static uint8_t state = IDLE;
	static uint8_t val;
	uint8_t ch;

	if (UCSRA & (1<<FE)) { return; }	// framing error? -> return
 e48:	5c 99       	sbic	0x0b, 4	; 11
 e4a:	9c c0       	rjmp	.+312    	; 0xf84 <__vector_7+0x160>
	ch = UDR;							// read received character
 e4c:	1c b1       	in	r17, 0x0c	; 12
	if (ch == 27) { state = RESET; }	// <ESC> resets the state machine
 e4e:	1b 31       	cpi	r17, 0x1B	; 27
 e50:	19 f4       	brne	.+6      	; 0xe58 <__vector_7+0x34>
 e52:	82 e0       	ldi	r24, 0x02	; 2
 e54:	80 93 67 00 	sts	0x0067, r24
	if (state >= EE_NORMAL) {
 e58:	80 91 67 00 	lds	r24, 0x0067
 e5c:	85 30       	cpi	r24, 0x05	; 5
 e5e:	18 f0       	brcs	.+6      	; 0xe66 <__vector_7+0x42>
		dmClearDisplay();
 e60:	d3 dd       	rcall	.-1114   	; 0xa08 <dmClearDisplay>
		dmPrintChar(ch);
 e62:	81 2f       	mov	r24, r17
 e64:	06 de       	rcall	.-1012   	; 0xa72 <dmPrintChar>
	}	

	switch (state) {
 e66:	e0 91 67 00 	lds	r30, 0x0067
 e6a:	f0 e0       	ldi	r31, 0x00	; 0
 e6c:	e8 30       	cpi	r30, 0x08	; 8
 e6e:	f1 05       	cpc	r31, r1
 e70:	08 f0       	brcs	.+2      	; 0xe74 <__vector_7+0x50>
 e72:	88 c0       	rjmp	.+272    	; 0xf84 <__vector_7+0x160>
 e74:	eb 5e       	subi	r30, 0xEB	; 235
 e76:	ff 4f       	sbci	r31, 0xFF	; 255
 e78:	09 94       	ijmp
		case IDLE:
			if (ch == AUTH1_CHAR)	{ state = AUTH; }
 e7a:	18 34       	cpi	r17, 0x48	; 72
 e7c:	b1 f4       	brne	.+44     	; 0xeaa <__vector_7+0x86>
 e7e:	81 e0       	ldi	r24, 0x01	; 1
 e80:	77 c0       	rjmp	.+238    	; 0xf70 <__vector_7+0x14c>
			else					{ state = IDLE; }
			break;
		case AUTH:
			if (ch == EE_AUTH2_CHAR)		{ state = EE_NORMAL; }
 e82:	1c 34       	cpi	r17, 0x4C	; 76
 e84:	09 f4       	brne	.+2      	; 0xe88 <__vector_7+0x64>
 e86:	73 c0       	rjmp	.+230    	; 0xf6e <__vector_7+0x14a>
			else if (ch == DISP_AUTH2_CHAR)	{ state = DISP_SET_MODE; }
 e88:	14 34       	cpi	r17, 0x44	; 68
 e8a:	79 f4       	brne	.+30     	; 0xeaa <__vector_7+0x86>
 e8c:	83 e0       	ldi	r24, 0x03	; 3
 e8e:	70 c0       	rjmp	.+224    	; 0xf70 <__vector_7+0x14c>
			else							{ state = IDLE; }
			break;
		case RESET:
			msg_ptr = (uint8_t*) messages;
 e90:	80 e0       	ldi	r24, 0x00	; 0
 e92:	90 e0       	ldi	r25, 0x00	; 0
 e94:	90 93 38 01 	sts	0x0138, r25
 e98:	80 93 37 01 	sts	0x0137, r24
			ee_write_ptr = (uint8_t*) messages;
 e9c:	90 93 63 00 	sts	0x0063, r25
 ea0:	80 93 62 00 	sts	0x0062, r24
			dmClearDisplay();
 ea4:	b1 dd       	rcall	.-1182   	; 0xa08 <dmClearDisplay>
			dmPrintChar(129);						// show logo
 ea6:	81 e8       	ldi	r24, 0x81	; 129
 ea8:	e4 dd       	rcall	.-1080   	; 0xa72 <dmPrintChar>
			state = IDLE;
 eaa:	10 92 67 00 	sts	0x0067, r1
			break;
 eae:	6a c0       	rjmp	.+212    	; 0xf84 <__vector_7+0x160>
		case DISP_SET_MODE:
			dmClearDisplay();
 eb0:	ab dd       	rcall	.-1194   	; 0xa08 <dmClearDisplay>
			SetMode(ch);
 eb2:	81 2f       	mov	r24, r17
 eb4:	46 de       	rcall	.-884    	; 0xb42 <SetMode>
			state = DISP_CHAR;
 eb6:	84 e0       	ldi	r24, 0x04	; 4
 eb8:	5b c0       	rjmp	.+182    	; 0xf70 <__vector_7+0x14c>
			break;
		case DISP_CHAR:
			if ((ch == 13) || (ch == 10)) {	dmClearDisplay(); }		// chr(13) = <CR>, chr(10) = <LF>
 eba:	1d 30       	cpi	r17, 0x0D	; 13
 ebc:	11 f0       	breq	.+4      	; 0xec2 <__vector_7+0x9e>
 ebe:	1a 30       	cpi	r17, 0x0A	; 10
 ec0:	11 f4       	brne	.+4      	; 0xec6 <__vector_7+0xa2>
 ec2:	a2 dd       	rcall	.-1212   	; 0xa08 <dmClearDisplay>
 ec4:	5f c0       	rjmp	.+190    	; 0xf84 <__vector_7+0x160>
			else { dmPrintChar(ch); dmPrintByte(0); }				// print character followed by empty column
 ec6:	81 2f       	mov	r24, r17
 ec8:	d4 dd       	rcall	.-1112   	; 0xa72 <dmPrintChar>
 eca:	80 e0       	ldi	r24, 0x00	; 0
 ecc:	c5 dd       	rcall	.-1142   	; 0xa58 <dmPrintByte>
 ece:	5a c0       	rjmp	.+180    	; 0xf84 <__vector_7+0x160>
			break;
		case EE_NORMAL:
			if (ch == '^') { state = EE_SPECIAL_CHAR; }
 ed0:	1e 35       	cpi	r17, 0x5E	; 94
 ed2:	11 f4       	brne	.+4      	; 0xed8 <__vector_7+0xb4>
 ed4:	86 e0       	ldi	r24, 0x06	; 6
 ed6:	4c c0       	rjmp	.+152    	; 0xf70 <__vector_7+0x14c>
			else if (ch == '$') { val = 0;  state = EE_HEX_CODE; }
 ed8:	14 32       	cpi	r17, 0x24	; 36
 eda:	21 f4       	brne	.+8      	; 0xee4 <__vector_7+0xc0>
 edc:	10 92 66 00 	sts	0x0066, r1
 ee0:	87 e0       	ldi	r24, 0x07	; 7
 ee2:	46 c0       	rjmp	.+140    	; 0xf70 <__vector_7+0x14c>
			else if ((ch == 13) || (ch == 10)) {	// chr(13) = <CR>, chr(10) = <LF>
 ee4:	1d 30       	cpi	r17, 0x0D	; 13
 ee6:	11 f0       	breq	.+4      	; 0xeec <__vector_7+0xc8>
 ee8:	1a 30       	cpi	r17, 0x0A	; 10
 eea:	69 f4       	brne	.+26     	; 0xf06 <__vector_7+0xe2>
				eeprom_write_byte(ee_write_ptr++, 0);
 eec:	80 91 62 00 	lds	r24, 0x0062
 ef0:	90 91 63 00 	lds	r25, 0x0063
 ef4:	9c 01       	movw	r18, r24
 ef6:	2f 5f       	subi	r18, 0xFF	; 255
 ef8:	3f 4f       	sbci	r19, 0xFF	; 255
 efa:	30 93 63 00 	sts	0x0063, r19
 efe:	20 93 62 00 	sts	0x0062, r18
 f02:	60 e0       	ldi	r22, 0x00	; 0
 f04:	0f c0       	rjmp	.+30     	; 0xf24 <__vector_7+0x100>
			}
			else if (ch >= ' ') {					// ignore non-printing characters
 f06:	10 32       	cpi	r17, 0x20	; 32
 f08:	e8 f1       	brcs	.+122    	; 0xf84 <__vector_7+0x160>
				eeprom_write_byte(ee_write_ptr++, ch);
 f0a:	20 91 62 00 	lds	r18, 0x0062
 f0e:	30 91 63 00 	lds	r19, 0x0063
 f12:	a9 01       	movw	r20, r18
 f14:	4f 5f       	subi	r20, 0xFF	; 255
 f16:	5f 4f       	sbci	r21, 0xFF	; 255
 f18:	50 93 63 00 	sts	0x0063, r21
 f1c:	40 93 62 00 	sts	0x0062, r20
 f20:	c9 01       	movw	r24, r18
 f22:	61 2f       	mov	r22, r17
 f24:	49 d0       	rcall	.+146    	; 0xfb8 <__eewr_byte_tn4313>
 f26:	2e c0       	rjmp	.+92     	; 0xf84 <__vector_7+0x160>
			}
			break;
		case EE_SPECIAL_CHAR:
			eeprom_write_byte(ee_write_ptr++, ch+63);
 f28:	20 91 62 00 	lds	r18, 0x0062
 f2c:	30 91 63 00 	lds	r19, 0x0063
 f30:	a9 01       	movw	r20, r18
 f32:	4f 5f       	subi	r20, 0xFF	; 255
 f34:	5f 4f       	sbci	r21, 0xFF	; 255
 f36:	50 93 63 00 	sts	0x0063, r21
 f3a:	40 93 62 00 	sts	0x0062, r20
 f3e:	61 2f       	mov	r22, r17
 f40:	61 5c       	subi	r22, 0xC1	; 193
 f42:	c9 01       	movw	r24, r18
 f44:	13 c0       	rjmp	.+38     	; 0xf6c <__vector_7+0x148>
			state = EE_NORMAL;
			break;
		case EE_HEX_CODE:
			if (ch >= 'A') { ch -= ('A' - '9' - 1); }
 f46:	11 34       	cpi	r17, 0x41	; 65
 f48:	08 f0       	brcs	.+2      	; 0xf4c <__vector_7+0x128>
 f4a:	17 50       	subi	r17, 0x07	; 7
			ch -= '0';								// map characters '0'..'9' and 'A'..'F' to values 0..15
 f4c:	10 53       	subi	r17, 0x30	; 48
			if (ch > 15) {							// any character below '0' or above 'F' terminates hex input
 f4e:	10 31       	cpi	r17, 0x10	; 16
 f50:	90 f0       	brcs	.+36     	; 0xf76 <__vector_7+0x152>
				eeprom_write_byte(ee_write_ptr++, val);
 f52:	80 91 62 00 	lds	r24, 0x0062
 f56:	90 91 63 00 	lds	r25, 0x0063
 f5a:	9c 01       	movw	r18, r24
 f5c:	2f 5f       	subi	r18, 0xFF	; 255
 f5e:	3f 4f       	sbci	r19, 0xFF	; 255
 f60:	30 93 63 00 	sts	0x0063, r19
 f64:	20 93 62 00 	sts	0x0062, r18
 f68:	60 91 66 00 	lds	r22, 0x0066
 f6c:	25 d0       	rcall	.+74     	; 0xfb8 <__eewr_byte_tn4313>
				state = EE_NORMAL;
 f6e:	85 e0       	ldi	r24, 0x05	; 5
 f70:	80 93 67 00 	sts	0x0067, r24
 f74:	07 c0       	rjmp	.+14     	; 0xf84 <__vector_7+0x160>
			}
			else { val <<= 4;  val += ch; }
 f76:	80 91 66 00 	lds	r24, 0x0066
 f7a:	82 95       	swap	r24
 f7c:	80 7f       	andi	r24, 0xF0	; 240
 f7e:	81 0f       	add	r24, r17
 f80:	80 93 66 00 	sts	0x0066, r24
			break;
	}
}
 f84:	ff 91       	pop	r31
 f86:	ef 91       	pop	r30
 f88:	bf 91       	pop	r27
 f8a:	af 91       	pop	r26
 f8c:	9f 91       	pop	r25
 f8e:	8f 91       	pop	r24
 f90:	7f 91       	pop	r23
 f92:	6f 91       	pop	r22
 f94:	5f 91       	pop	r21
 f96:	4f 91       	pop	r20
 f98:	3f 91       	pop	r19
 f9a:	2f 91       	pop	r18
 f9c:	1f 91       	pop	r17
 f9e:	0f 90       	pop	r0
 fa0:	0f be       	out	0x3f, r0	; 63
 fa2:	0f 90       	pop	r0
 fa4:	1f 90       	pop	r1
 fa6:	18 95       	reti

00000fa8 <__eerd_byte_tn4313>:
 fa8:	e1 99       	sbic	0x1c, 1	; 28
 faa:	fe cf       	rjmp	.-4      	; 0xfa8 <__eerd_byte_tn4313>
 fac:	1f ba       	out	0x1f, r1	; 31
 fae:	8e bb       	out	0x1e, r24	; 30
 fb0:	e0 9a       	sbi	0x1c, 0	; 28
 fb2:	99 27       	eor	r25, r25
 fb4:	8d b3       	in	r24, 0x1d	; 29
 fb6:	08 95       	ret

00000fb8 <__eewr_byte_tn4313>:
 fb8:	26 2f       	mov	r18, r22

00000fba <__eewr_r18_tn4313>:
 fba:	e1 99       	sbic	0x1c, 1	; 28
 fbc:	fe cf       	rjmp	.-4      	; 0xfba <__eewr_r18_tn4313>
 fbe:	1c ba       	out	0x1c, r1	; 28
 fc0:	1f ba       	out	0x1f, r1	; 31
 fc2:	8e bb       	out	0x1e, r24	; 30
 fc4:	2d bb       	out	0x1d, r18	; 29
 fc6:	0f b6       	in	r0, 0x3f	; 63
 fc8:	f8 94       	cli
 fca:	e2 9a       	sbi	0x1c, 2	; 28
 fcc:	e1 9a       	sbi	0x1c, 1	; 28
 fce:	0f be       	out	0x3f, r0	; 63
 fd0:	01 96       	adiw	r24, 0x01	; 1
 fd2:	08 95       	ret

00000fd4 <_exit>:
 fd4:	f8 94       	cli

00000fd6 <__stop_program>:
 fd6:	ff cf       	rjmp	.-2      	; 0xfd6 <__stop_program>
